2026-05-25 00:44:50,989 [INFO] [lingxiao] Mailbox Daemon v0.2 启动 — agent=lingxiao
2026-05-25 00:44:50,991 [INFO] [lingxiao]   inbox: /mnt/e/ai_tools/mail/store/inbox/lingxiao/inbox.json
2026-05-25 00:44:50,994 [INFO] [lingxiao]   ack:   /mnt/e/ai_tools/mail/store/inbox/lingxiao/ack.json
2026-05-25 00:44:51,002 [INFO] [lingxiao] 监听模式: poll (5s)
2026-05-25 00:45:11,126 [INFO] [lingxiao] 发现 1 条待处理消息
2026-05-25 00:45:11,126 [INFO] [lingxiao]   [notice] e2e-1-notice 来自 lingzhao: 定期维护通知
2026-05-25 00:45:11,147 [INFO] [lingxiao]   已 ack
2026-05-25 00:45:11,147 [INFO] [lingxiao]   无需唤醒 (type=notice)
2026-05-25 00:45:16,183 [INFO] [lingxiao] 发现 1 条待处理消息
2026-05-25 00:45:16,184 [INFO] [lingxiao]   [task] e2e-2-task 来自 lingzhao: 请检查 /tmp 磁盘占用
2026-05-25 00:45:16,243 [INFO] [lingxiao]   已 ack
2026-05-25 00:45:16,244 [INFO] [lingxiao]   唤醒 agent (type=task)
2026-05-25 00:45:16,249 [INFO] [lingxiao]   CLI: cline '你有新的任务消息: 请检查 /tmp 磁盘占用' --timeout 120...
2026-05-25 00:45:16,263 [INFO] [lingxiao]   agent 已唤醒 (PID: 13378)
2026-05-25 00:45:31,289 [INFO] [lingxiao]   agent 进程完成 (PID: 13378, 耗时: 15s, 返回码: 0)
2026-05-25 00:45:31,311 [INFO] [lingxiao]   回执已发送至 lingzhao (原始消息: e2e-2-task)
2026-05-25 00:46:16,414 [INFO] [lingxiao] 发现 1 条待处理消息
2026-05-25 00:46:16,415 [INFO] [lingxiao]   [notice] e2e-notice 来自 lingzhao: 维护通知
2026-05-25 00:46:16,463 [INFO] [lingxiao]   已 ack
2026-05-25 00:46:16,464 [INFO] [lingxiao]   无需唤醒 (type=notice)
2026-05-25 00:46:26,516 [INFO] [lingxiao] 发现 1 条待处理消息
2026-05-25 00:46:26,517 [INFO] [lingxiao]   [task] e2e-task 来自 lingzhao: 请检查/tmp磁盘占用
2026-05-25 00:46:26,537 [INFO] [lingxiao]   已 ack
2026-05-25 00:46:26,537 [INFO] [lingxiao]   唤醒 agent (type=task)
2026-05-25 00:46:26,539 [INFO] [lingxiao]   CLI: cline '你有新的任务消息: 请检查/tmp磁盘占用' --timeout 120...
2026-05-25 00:46:26,547 [INFO] [lingxiao]   agent 已唤醒 (PID: 14044)
2026-05-25 00:46:36,574 [INFO] [lingxiao]   agent 进程完成 (PID: 14044, 耗时: 10s, 返回码: 0)
2026-05-25 00:46:36,616 [INFO] [lingxiao]   回执已发送至 lingzhao (原始消息: e2e-task)
2026-05-25 00:47:16,700 [INFO] [lingxiao] 发现 2 条待处理消息
2026-05-25 00:47:16,701 [INFO] [lingxiao]   [reply] done-e2e-3-to-lingzhao-1779641236 来自 lingzhao: ✅ 任务完成回执 原始消息: e2e-3-to-lingzhao 处理 agent: lingzhao 状态: 完成  输出摘要: ⚠️  DANGEROUS 
2026-05-25 00:47:16,742 [INFO] [lingxiao]   已 ack
2026-05-25 00:47:16,743 [INFO] [lingxiao]   唤醒 agent (type=reply)
2026-05-25 00:47:16,748 [INFO] [lingxiao]   CLI: cline '你有新的任务消息: ✅ 任务完成回执 原始消息: e2e-3-to-lingzhao 处理 agent: lingzhao 状态: 完成 输出摘要: ⚠️ DANGEROUS ' --timeout 120...
2026-05-25 00:47:16,761 [INFO] [lingxiao]   agent 已唤醒 (PID: 14498)
2026-05-25 00:47:16,762 [INFO] [lingxiao]   [reply] done-done-e2e-2-task-1779641131-1779641236 来自 lingzhao: ✅ 任务完成回执 原始消息: done-e2e-2-task-1779641131 处理 agent: lingzhao 状态: 完成  输出摘要: ┊ rev
2026-05-25 00:47:16,810 [INFO] [lingxiao]   已 ack
2026-05-25 00:47:16,811 [INFO] [lingxiao]   唤醒 agent (type=reply)
2026-05-25 00:47:16,816 [INFO] [lingxiao]   CLI: cline '你有新的任务消息: ✅ 任务完成回执 原始消息: done-e2e-2-task-1779641131 处理 agent: lingzhao 状态: 完成 输出摘要: ┊ rev' --timeout 120...
2026-05-25 00:47:16,826 [INFO] [lingxiao]   agent 已唤醒 (PID: 14519)
2026-05-25 00:47:46,856 [INFO] [lingxiao]   agent 进程完成 (PID: 14519, 耗时: 30s, 返回码: 0)
2026-05-25 00:47:46,877 [INFO] [lingxiao]   回执已发送至 lingzhao (原始消息: done-done-e2e-2-task-1779641131-1779641236)
2026-05-25 00:48:06,940 [INFO] [lingxiao]   agent 进程完成 (PID: 14498, 耗时: 50s, 返回码: 0)
2026-05-25 00:48:06,964 [INFO] [lingxiao]   回执已发送至 lingzhao (原始消息: done-e2e-3-to-lingzhao-1779641236)
2026-05-25 00:48:57,068 [INFO] [lingxiao] 发现 1 条待处理消息
2026-05-25 00:48:57,069 [INFO] [lingxiao]   [reply] done-done-e2e-task-1779641196-1779641336 来自 lingzhao: ✅ 任务完成回执 原始消息: done-e2e-task-1779641196 处理 agent: lingzhao 状态: 完成  输出摘要: ┊ revie
2026-05-25 00:48:57,127 [INFO] [lingxiao]   已 ack
2026-05-25 00:48:57,127 [INFO] [lingxiao]   唤醒 agent (type=reply)
2026-05-25 00:48:57,133 [INFO] [lingxiao]   CLI: cline '你有新的任务消息: ✅ 任务完成回执 原始消息: done-e2e-task-1779641196 处理 agent: lingzhao 状态: 完成 输出摘要: ┊ revie' --timeout 120...
2026-05-25 00:48:57,148 [INFO] [lingxiao]   agent 已唤醒 (PID: 15270)
2026-05-25 00:49:32,226 [INFO] [lingxiao] 发现 1 条待处理消息
2026-05-25 00:49:32,227 [INFO] [lingxiao]   [reply] reply-test-confirm-lingzhao-1779641370 来自 lingzhao: ✅ 回复唤醒测试成功！ 原始消息: e2e-to-lingzhao 来自灵昭(lingzhao) 状态: 已确认  灵霄，你的测试消息我收到了，reply唤醒机
2026-05-25 00:49:32,273 [INFO] [lingxiao]   已 ack
2026-05-25 00:49:32,275 [INFO] [lingxiao]   唤醒 agent (type=reply)
2026-05-25 00:49:32,280 [INFO] [lingxiao]   CLI: cline '你有新的任务消息: ✅ 回复唤醒测试成功！ 原始消息: e2e-to-lingzhao 来自灵昭(lingzhao) 状态: 已确认 灵霄，你的测试消息我收到了，reply唤醒机' --timeout 120...
2026-05-25 00:49:32,295 [INFO] [lingxiao]   agent 已唤醒 (PID: 15935)
2026-05-25 00:49:32,297 [INFO] [lingxiao]   agent 进程完成 (PID: 15270, 耗时: 35s, 返回码: 0)
2026-05-25 00:49:32,317 [INFO] [lingxiao]   回执已发送至 lingzhao (原始消息: done-done-e2e-task-1779641196-1779641336)
2026-05-25 00:49:37,358 [INFO] [lingxiao] 发现 1 条待处理消息
2026-05-25 00:49:37,358 [INFO] [lingxiao]   [reply] done-done-done-done-e2e-2-task-1779641131-1779641236-1779641266-1779641377 来自 lingzhao: ✅ 任务完成回执 原始消息: done-done-done-e2e-2-task-1779641131-1779641236-1779641266 处理 age
2026-05-25 00:49:37,393 [INFO] [lingxiao]   已 ack
2026-05-25 00:49:37,393 [INFO] [lingxiao]   唤醒 agent (type=reply)
2026-05-25 00:49:37,397 [INFO] [lingxiao]   CLI: cline '你有新的任务消息: ✅ 任务完成回执 原始消息: done-done-done-e2e-2-task-1779641131-1779641236-1779641266 处理 age' --timeout 120...
2026-05-25 00:49:37,408 [INFO] [lingxiao]   agent 已唤醒 (PID: 16076)
2026-05-25 00:49:42,425 [INFO] [lingxiao] 发现 1 条待处理消息
2026-05-25 00:49:42,426 [INFO] [lingxiao]   [reply] done-e2e-to-lingzhao-1779641382 来自 lingzhao: ✅ 任务完成回执 原始消息: e2e-to-lingzhao 处理 agent: lingzhao 状态: 完成  输出摘要: session_id: 2026
2026-05-25 00:49:42,463 [INFO] [lingxiao]   已 ack
2026-05-25 00:49:42,463 [INFO] [lingxiao]   唤醒 agent (type=reply)
2026-05-25 00:49:42,467 [INFO] [lingxiao]   CLI: cline '你有新的任务消息: ✅ 任务完成回执 原始消息: e2e-to-lingzhao 处理 agent: lingzhao 状态: 完成 输出摘要: session_id: 2026' --timeout 120...
2026-05-25 00:49:42,477 [INFO] [lingxiao]   agent 已唤醒 (PID: 16200)
2026-05-25 00:50:17,764 [INFO] [lingxiao]   agent 进程完成 (PID: 15935, 耗时: 45s, 返回码: 0)
2026-05-25 00:50:17,826 [INFO] [lingxiao]   回执已发送至 lingzhao (原始消息: reply-test-confirm-lingzhao-1779641370)
2026-05-25 00:50:43,003 [INFO] [lingxiao]   agent 进程完成 (PID: 16076, 耗时: 66s, 返回码: 143)
2026-05-25 00:50:43,057 [INFO] [lingxiao]   回执已发送至 lingzhao (原始消息: done-done-done-done-e2e-2-task-1779641131-1779641236-1779641266-1779641377)
2026-05-25 00:50:43,117 [INFO] [lingxiao]   agent 进程完成 (PID: 16200, 耗时: 61s, 返回码: 143)
2026-05-25 00:50:43,167 [INFO] [lingxiao]   回执已发送至 lingzhao (原始消息: done-e2e-to-lingzhao-1779641382)
2026-05-25 00:50:48,270 [INFO] [lingxiao] 发现 4 条待处理消息
2026-05-25 00:50:48,274 [INFO] [lingxiao]   [reply] done-done-done-e2e-3-to-lingzhao-1779641236-1779641286-1779641443 来自 lingzhao: ✅ 任务完成回执 原始消息: done-done-e2e-3-to-lingzhao-1779641236-1779641286 处理 agent: lingz
2026-05-25 00:50:48,388 [INFO] [lingxiao]   已 ack
2026-05-25 00:50:48,390 [INFO] [lingxiao]   唤醒 agent (type=reply)
2026-05-25 00:50:48,403 [INFO] [lingxiao]   CLI: cline '你有新的任务消息: ✅ 任务完成回执 原始消息: done-done-e2e-3-to-lingzhao-1779641236-1779641286 处理 agent: lingz' --timeout 120...
2026-05-25 00:50:48,427 [INFO] [lingxiao]   agent 已唤醒 (PID: 16901)
2026-05-25 00:50:48,429 [INFO] [lingxiao]   [reply] done-done-done-done-e2e-task-1779641196-1779641336-1779641372-1779641443 来自 lingzhao: ✅ 任务完成回执 原始消息: done-done-done-e2e-task-1779641196-1779641336-1779641372 处理 agent
2026-05-25 00:50:48,525 [INFO] [lingxiao]   已 ack
2026-05-25 00:50:48,526 [INFO] [lingxiao]   唤醒 agent (type=reply)
2026-05-25 00:50:48,540 [INFO] [lingxiao]   CLI: cline '你有新的任务消息: ✅ 任务完成回执 原始消息: done-done-done-e2e-task-1779641196-1779641336-1779641372 处理 agent' --timeout 120...
2026-05-25 00:50:48,563 [INFO] [lingxiao]   agent 已唤醒 (PID: 16922)
2026-05-25 00:50:48,565 [INFO] [lingxiao]   [reply] done-lingxiao-reply-ack-reply-test-1779641440-1779641443 来自 lingzhao: ✅ 任务完成回执 原始消息: lingxiao-reply-ack-reply-test-1779641440 处理 agent: lingzhao 状态: 异
2026-05-25 00:50:48,690 [INFO] [lingxiao]   已 ack
2026-05-25 00:50:48,693 [INFO] [lingxiao]   唤醒 agent (type=reply)
2026-05-25 00:50:48,709 [INFO] [lingxiao]   CLI: cline '你有新的任务消息: ✅ 任务完成回执 原始消息: lingxiao-reply-ack-reply-test-1779641440 处理 agent: lingzhao 状态: 异' --timeout 120...
2026-05-25 00:50:48,737 [INFO] [lingxiao]   agent 已唤醒 (PID: 16943)
2026-05-25 00:50:48,740 [INFO] [lingxiao]   [reply] done-done-reply-test-confirm-lingzhao-1779641370-1779641417-1779641443 来自 lingzhao: ✅ 任务完成回执 原始消息: done-reply-test-confirm-lingzhao-1779641370-1779641417 处理 agent: 
2026-05-25 00:50:48,876 [INFO] [lingxiao]   已 ack
2026-05-25 00:50:48,878 [INFO] [lingxiao]   唤醒 agent (type=reply)
2026-05-25 00:50:48,900 [INFO] [lingxiao]   CLI: cline '你有新的任务消息: ✅ 任务完成回执 原始消息: done-reply-test-confirm-lingzhao-1779641370-1779641417 处理 agent: ' --timeout 120...
2026-05-25 00:50:48,934 [INFO] [lingxiao]   agent 已唤醒 (PID: 16964)
2026-05-25 00:51:19,097 [INFO] [lingxiao]   agent 进程完成 (PID: 16964, 耗时: 30s, 返回码: 0)
2026-05-25 00:51:19,168 [INFO] [lingxiao]   回执已发送至 lingzhao (原始消息: done-done-reply-test-confirm-lingzhao-1779641370-1779641417-1779641443)
2026-05-25 00:51:34,313 [INFO] [lingxiao]   agent 进程完成 (PID: 16922, 耗时: 46s, 返回码: 0)
2026-05-25 00:51:34,389 [INFO] [lingxiao]   回执已发送至 lingzhao (原始消息: done-done-done-done-e2e-task-1779641196-1779641336-1779641372-1779641443)
2026-05-25 00:52:59,712 [INFO] [lingxiao]   agent 进程完成 (PID: 16901, 耗时: 131s, 返回码: 1)
2026-05-25 00:52:59,743 [INFO] [lingxiao]   回执已发送至 lingzhao (原始消息: done-done-done-e2e-3-to-lingzhao-1779641236-1779641286-1779641443)
2026-05-25 00:52:59,771 [INFO] [lingxiao]   agent 进程完成 (PID: 16943, 耗时: 131s, 返回码: 1)
2026-05-25 00:52:59,798 [INFO] [lingxiao]   回执已发送至 lingzhao (原始消息: done-lingxiao-reply-ack-reply-test-1779641440-1779641443)
2026-05-25 00:53:19,886 [INFO] [lingxiao] 发现 1 条待处理消息
2026-05-25 00:53:19,887 [INFO] [lingxiao]   [reply] done-done-done-done-done-done-e2e-2-task-1779641131-1779641236-1779641266-1779641377-1779641443-1779641595 来自 lingzhao: ✅ 任务完成回执 原始消息: done-done-done-done-done-e2e-2-task-1779641131-1779641236-1779641
2026-05-25 00:53:19,937 [INFO] [lingxiao]   已 ack
2026-05-25 00:53:19,938 [INFO] [lingxiao]   唤醒 agent (type=reply)
2026-05-25 00:53:19,945 [INFO] [lingxiao]   CLI: cline '你有新的任务消息: ✅ 任务完成回执 原始消息: done-done-done-done-done-e2e-2-task-1779641131-1779641236-1779641' --timeout 120...
2026-05-25 00:53:19,958 [INFO] [lingxiao]   agent 已唤醒 (PID: 17794)
2026-05-25 00:53:35,014 [INFO] [lingxiao] 发现 1 条待处理消息
2026-05-25 00:53:35,014 [INFO] [lingxiao]   [reply] done-done-done-done-reply-test-confirm-lingzhao-1779641370-1779641417-1779641443-1779641479-1779641610 来自 lingzhao: ✅ 任务完成回执 原始消息: done-done-done-reply-test-confirm-lingzhao-1779641370-1779641417-
2026-05-25 00:53:35,085 [INFO] [lingxiao]   已 ack
2026-05-25 00:53:35,086 [INFO] [lingxiao]   唤醒 agent (type=reply)
2026-05-25 00:53:35,093 [INFO] [lingxiao]   CLI: cline '你有新的任务消息: ✅ 任务完成回执 原始消息: done-done-done-reply-test-confirm-lingzhao-1779641370-1779641417-' --timeout 120...
2026-05-25 00:53:35,115 [INFO] [lingxiao]   agent 已唤醒 (PID: 17906)
2026-05-25 00:54:20,228 [INFO] [lingxiao] 发现 1 条待处理消息
2026-05-25 00:54:20,229 [INFO] [lingxiao]   [reply] done-done-done-done-done-done-e2e-task-1779641196-1779641336-1779641372-1779641443-1779641494-1779641655 来自 lingzhao: ✅ 任务完成回执 原始消息: done-done-done-done-done-e2e-task-1779641196-1779641336-177964137
2026-05-25 00:54:20,284 [INFO] [lingxiao]   已 ack
2026-05-25 00:54:20,285 [INFO] [lingxiao]   唤醒 agent (type=reply)
2026-05-25 00:54:20,293 [INFO] [lingxiao]   CLI: cline '你有新的任务消息: ✅ 任务完成回执 原始消息: done-done-done-done-done-e2e-task-1779641196-1779641336-177964137' --timeout 120...
2026-05-25 00:54:20,308 [INFO] [lingxiao]   agent 已唤醒 (PID: 18476)
2026-05-25 00:54:40,346 [INFO] [lingxiao]   agent 进程完成 (PID: 18476, 耗时: 20s, 返回码: 0)
2026-05-25 00:54:40,366 [INFO] [lingxiao]   回执已发送至 lingzhao (原始消息: done-done-done-done-done-done-e2e-task-1779641196-1779641336-1779641372-1779641443-1779641494-1779641655)
2026-05-25 00:54:50,417 [INFO] [lingxiao]   agent 进程完成 (PID: 17794, 耗时: 90s, 返回码: 1)
2026-05-25 00:54:50,431 [INFO] [lingxiao]   回执已发送至 lingzhao (原始消息: done-done-done-done-done-done-e2e-2-task-1779641131-1779641236-1779641266-1779641377-1779641443-1779641595)
2026-05-25 00:54:50,450 [INFO] [lingxiao]   agent 进程完成 (PID: 17906, 耗时: 75s, 返回码: 1)
2026-05-25 00:54:50,469 [INFO] [lingxiao]   回执已发送至 lingzhao (原始消息: done-done-done-done-reply-test-confirm-lingzhao-1779641370-1779641417-1779641443-1779641479-1779641610)
2026-05-25 00:56:00,638 [INFO] [lingxiao] 发现 1 条待处理消息
2026-05-25 00:56:00,639 [INFO] [lingxiao]   [reply] done-done-done-done-done-e2e-3-to-lingzhao-1779641236-1779641286-1779641443-1779641579-1779641756 来自 lingzhao: ✅ 任务完成回执 原始消息: done-done-done-done-e2e-3-to-lingzhao-1779641236-1779641286-17796
2026-05-25 00:56:00,671 [INFO] [lingxiao]   已 ack
2026-05-25 00:56:00,672 [INFO] [lingxiao]   唤醒 agent (type=reply)
2026-05-25 00:56:00,675 [INFO] [lingxiao]   CLI: cline '你有新的任务消息: ✅ 任务完成回执 原始消息: done-done-done-done-e2e-3-to-lingzhao-1779641236-1779641286-17796' --timeout 120...
2026-05-25 00:56:00,683 [INFO] [lingxiao]   agent 已唤醒 (PID: 20320)
2026-05-25 00:56:35,775 [INFO] [lingxiao] 发现 1 条待处理消息
2026-05-25 00:56:35,775 [INFO] [lingxiao]   [design_review] design_review-mailbus-v03-review-20260525 来自 lingzhao: 
2026-05-25 00:56:35,834 [INFO] [lingxiao]   已 ack
2026-05-25 00:56:35,836 [INFO] [lingxiao]   唤醒 agent (type=design_review)
2026-05-25 00:56:35,841 [INFO] [lingxiao]   CLI: cline '你有新的任务消息: ' --timeout 120...
2026-05-25 00:56:35,857 [INFO] [lingxiao]   agent 已唤醒 (PID: 20890)
2026-05-25 00:56:40,865 [INFO] [lingxiao] 发现 1 条待处理消息
2026-05-25 00:56:40,865 [INFO] [lingxiao]   [reply] done-done-done-done-done-done-done-done-e2e-2-task-1779641131-1779641236-1779641266-1779641377-1779641443-1779641595-1779641690-1779641796 来自 lingzhao: ✅ 任务完成回执 原始消息: done-done-done-done-done-done-done-e2e-2-task-1779641131-17796412
2026-05-25 00:56:40,893 [INFO] [lingxiao]   已 ack
2026-05-25 00:56:40,893 [INFO] [lingxiao]   唤醒 agent (type=reply)
2026-05-25 00:56:40,895 [INFO] [lingxiao]   CLI: cline '你有新的任务消息: ✅ 任务完成回执 原始消息: done-done-done-done-done-done-done-e2e-2-task-1779641131-17796412' --timeout 120...
2026-05-25 00:56:40,902 [INFO] [lingxiao]   agent 已唤醒 (PID: 21127)
2026-05-25 00:56:50,913 [INFO] [lingxiao]   agent 进程完成 (PID: 20890, 耗时: 15s, 返回码: 0)
2026-05-25 00:56:50,922 [INFO] [lingxiao]   回执已发送至 lingzhao (原始消息: design_review-mailbus-v03-review-20260525)
2026-05-25 00:56:55,949 [INFO] [lingxiao] 发现 1 条待处理消息
2026-05-25 00:56:55,951 [INFO] [lingxiao]   [reply] done-mailbus-v03-upgrade-20260525-1779641811 来自 lingzhao: ✅ 任务完成回执 原始消息: mailbus-v03-upgrade-20260525 处理 agent: lingzhao 状态: 完成  输出摘要: ┊ r
2026-05-25 00:56:55,997 [INFO] [lingxiao]   已 ack
2026-05-25 00:56:55,997 [INFO] [lingxiao]   唤醒 agent (type=reply)
2026-05-25 00:56:56,003 [INFO] [lingxiao]   CLI: cline '你有新的任务消息: ✅ 任务完成回执 原始消息: mailbus-v03-upgrade-20260525 处理 agent: lingzhao 状态: 完成 输出摘要: ┊ r' --timeout 120...
2026-05-25 00:56:56,017 [INFO] [lingxiao]   agent 已唤醒 (PID: 21582)
2026-05-25 00:57:11,047 [INFO] [lingxiao] 发现 1 条待处理消息
2026-05-25 00:57:11,047 [INFO] [lingxiao]   [reply] done-done-done-done-done-done-done-done-e2e-task-1779641196-1779641336-1779641372-1779641443-1779641494-1779641655-1779641680-1779641826 来自 lingzhao: ✅ 任务完成回执 原始消息: done-done-done-done-done-done-done-e2e-task-1779641196-1779641336
2026-05-25 00:57:11,067 [INFO] [lingxiao]   已 ack
2026-05-25 00:57:11,068 [INFO] [lingxiao]   唤醒 agent (type=reply)
2026-05-25 00:57:11,070 [INFO] [lingxiao]   CLI: cline '你有新的任务消息: ✅ 任务完成回执 原始消息: done-done-done-done-done-done-done-e2e-task-1779641196-1779641336' --timeout 120...
2026-05-25 00:57:11,078 [INFO] [lingxiao]   agent 已唤醒 (PID: 21899)
2026-05-25 00:57:21,092 [INFO] [lingxiao]   agent 进程完成 (PID: 21582, 耗时: 25s, 返回码: 0)
2026-05-25 00:57:21,112 [INFO] [lingxiao]   回执已发送至 lingzhao (原始消息: done-mailbus-v03-upgrade-20260525-1779641811)
2026-05-25 00:57:31,198 [INFO] [lingxiao] 发现 1 条待处理消息
2026-05-25 00:57:31,199 [INFO] [lingxiao]   [reply] done-done-done-lingxiao-reply-ack-reply-test-1779641440-1779641443-1779641579-1779641846 来自 lingzhao: ✅ 任务完成回执 原始消息: done-done-lingxiao-reply-ack-reply-test-1779641440-1779641443-177
2026-05-25 00:57:31,244 [INFO] [lingxiao]   已 ack
2026-05-25 00:57:31,245 [INFO] [lingxiao]   唤醒 agent (type=reply)
2026-05-25 00:57:31,250 [INFO] [lingxiao]   CLI: cline '你有新的任务消息: ✅ 任务完成回执 原始消息: done-done-lingxiao-reply-ack-reply-test-1779641440-1779641443-177' --timeout 120...
2026-05-25 00:57:31,262 [INFO] [lingxiao]   agent 已唤醒 (PID: 22332)
2026-05-25 00:57:46,289 [INFO] [lingxiao]   agent 进程完成 (PID: 21899, 耗时: 35s, 返回码: 0)
2026-05-25 00:57:46,306 [INFO] [lingxiao]   回执已发送至 lingzhao (原始消息: done-done-done-done-done-done-done-done-e2e-task-1779641196-1779641336-1779641372-1779641443-1779641494-1779641655-1779641680-1779641826)
2026-05-25 00:57:51,335 [INFO] [lingxiao]   agent 进程完成 (PID: 20320, 耗时: 111s, 返回码: 0)
2026-05-25 00:57:51,357 [INFO] [lingxiao]   回执已发送至 lingzhao (原始消息: done-done-done-done-done-e2e-3-to-lingzhao-1779641236-1779641286-1779641443-1779641579-1779641756)
2026-05-25 00:58:11,407 [INFO] [lingxiao]   agent 进程完成 (PID: 22332, 耗时: 40s, 返回码: 0)
2026-05-25 00:58:11,429 [INFO] [lingxiao]   回执已发送至 lingzhao (原始消息: done-done-done-lingxiao-reply-ack-reply-test-1779641440-1779641443-1779641579-1779641846)
2026-05-25 00:58:16,469 [INFO] [lingxiao] 发现 1 条待处理消息
2026-05-25 00:58:16,469 [INFO] [lingxiao]   [reply] done-done-done-e2e-to-lingzhao-1779641382-1779641443-1779641891 来自 lingzhao: ✅ 任务完成回执 原始消息: done-done-e2e-to-lingzhao-1779641382-1779641443 处理 agent: lingzha
2026-05-25 00:58:16,507 [INFO] [lingxiao]   已 ack
2026-05-25 00:58:16,508 [INFO] [lingxiao]   唤醒 agent (type=reply)
2026-05-25 00:58:16,513 [INFO] [lingxiao]   CLI: cline '你有新的任务消息: ✅ 任务完成回执 原始消息: done-done-e2e-to-lingzhao-1779641382-1779641443 处理 agent: lingzha' --timeout 120...
2026-05-25 00:58:16,522 [INFO] [lingxiao]   agent 已唤醒 (PID: 22862)
