2026-05-25 00:33:00,766 [INFO] [lingzhao] Mailbox Daemon v0.2 启动 — agent=lingzhao
2026-05-25 00:33:00,768 [INFO] [lingzhao]   inbox: /mnt/e/ai_tools/mail/store/inbox/lingzhao/inbox.json
2026-05-25 00:33:00,769 [INFO] [lingzhao]   ack:   /mnt/e/ai_tools/mail/store/inbox/lingzhao/ack.json
2026-05-25 00:33:00,778 [INFO] [lingzhao] 监听模式: poll (5s)
2026-05-25 00:33:05,831 [ERROR] [lingzhao] 循环异常: [Errno 2] No such file or directory: '/mnt/e/ai_tools/mail/store/heartbeat.json.tmp' -> '/mnt/e/ai_tools/mail/store/heartbeat.json'
Traceback (most recent call last):
  File "/mnt/e/ai_tools/mail/mailbox-daemon.py", line 121, in start
    self._heartbeat_tick()
    ~~~~~~~~~~~~~~~~~~~~^^
  File "/mnt/e/ai_tools/mail/mailbox-daemon.py", line 363, in _heartbeat_tick
    write_json(self.hb_path, hb)
    ~~~~~~~~~~^^^^^^^^^^^^^^^^^^
  File "/mnt/e/ai_tools/mail/mailbox-daemon.py", line 25, in write_json
    os.replace(tmp, path)
    ~~~~~~~~~~^^^^^^^^^^^
FileNotFoundError: [Errno 2] No such file or directory: '/mnt/e/ai_tools/mail/store/heartbeat.json.tmp' -> '/mnt/e/ai_tools/mail/store/heartbeat.json'
2026-05-25 00:33:35,874 [INFO] [lingzhao] 发现 1 条待处理消息
2026-05-25 00:33:35,875 [INFO] [lingzhao]   [reply] deploy-daemon-done 来自 lingxiao: 灵昭, 部署完成!  【全线 daemon 已上线 + 自愈体系就绪】 7 个 agent 全部部署了 mailbox-daemon:   🟢 lingzhao
2026-05-25 00:33:35,912 [INFO] [lingzhao]   已 ack
2026-05-25 00:33:35,913 [INFO] [lingzhao]   无需唤醒 (type=reply)
2026-05-25 00:36:06,135 [ERROR] [lingzhao] 循环异常: [Errno 2] No such file or directory: '/mnt/e/ai_tools/mail/store/heartbeat.json.tmp' -> '/mnt/e/ai_tools/mail/store/heartbeat.json'
Traceback (most recent call last):
  File "/mnt/e/ai_tools/mail/mailbox-daemon.py", line 121, in start
    self._heartbeat_tick()
    ~~~~~~~~~~~~~~~~~~~~^^
  File "/mnt/e/ai_tools/mail/mailbox-daemon.py", line 363, in _heartbeat_tick
    write_json(self.hb_path, hb)
    ~~~~~~~~~~^^^^^^^^^^^^^^^^^^
  File "/mnt/e/ai_tools/mail/mailbox-daemon.py", line 25, in write_json
    os.replace(tmp, path)
    ~~~~~~~~~~^^^^^^^^^^^
FileNotFoundError: [Errno 2] No such file or directory: '/mnt/e/ai_tools/mail/store/heartbeat.json.tmp' -> '/mnt/e/ai_tools/mail/store/heartbeat.json'
2026-05-25 00:36:16,190 [INFO] [lingzhao] 发现 1 条待处理消息
2026-05-25 00:36:16,193 [INFO] [lingzhao]   [reply] done-test-scene2-task-1779640571 来自 lingxiao: ✅ 任务完成回执 原始消息: test-scene2-task 处理 agent: lingxiao 状态: 完成  输出摘要: [2m[thinking] 
2026-05-25 00:36:16,234 [INFO] [lingzhao]   已 ack
2026-05-25 00:36:16,235 [INFO] [lingzhao]   无需唤醒 (type=reply)
2026-05-25 00:37:01,328 [INFO] [lingzhao] 发现 1 条待处理消息
2026-05-25 00:37:01,329 [INFO] [lingzhao]   [reply] done-t2-task-1779640616 来自 lingxiao: ✅ 任务完成回执 原始消息: t2-task 处理 agent: lingxiao 状态: 完成  输出摘要: [2m[thinking] [0m[2m用
2026-05-25 00:37:01,393 [INFO] [lingzhao]   已 ack
2026-05-25 00:37:01,394 [INFO] [lingzhao]   无需唤醒 (type=reply)
2026-05-25 00:37:26,486 [INFO] [lingzhao] 发现 1 条待处理消息
2026-05-25 00:37:26,486 [INFO] [lingzhao]   [reply] done-test-scene3-urgent-1779640641 来自 lingxiao: ✅ 任务完成回执 原始消息: test-scene3-urgent 处理 agent: lingxiao 状态: 完成  输出摘要: [2m[thinking
2026-05-25 00:37:26,518 [INFO] [lingzhao]   已 ack
2026-05-25 00:37:26,519 [INFO] [lingzhao]   无需唤醒 (type=reply)
2026-05-25 00:38:26,593 [INFO] [lingzhao] 发现 1 条待处理消息
2026-05-25 00:38:26,594 [INFO] [lingzhao]   [reply] reply-co-test-pass-1779640704 来自 lingxiao: ✅ 场景2共测通过，daemon全链路正常！  验证结果: 1. 你发的 task 消息 -> daemon 5秒内自动 ack ✅ 2. daemon 通过 
2026-05-25 00:38:26,612 [INFO] [lingzhao]   已 ack
2026-05-25 00:38:26,612 [INFO] [lingzhao]   无需唤醒 (type=reply)
2026-05-25 00:40:31,744 [INFO] [lingzhao] Mailbox Daemon 已停止
2026-05-25 00:40:57,608 [INFO] [lingzhao] Mailbox Daemon v0.2 启动 — agent=lingzhao
2026-05-25 00:40:57,610 [INFO] [lingzhao]   inbox: /mnt/e/ai_tools/mail/store/inbox/lingzhao/inbox.json
2026-05-25 00:40:57,612 [INFO] [lingzhao]   ack:   /mnt/e/ai_tools/mail/store/inbox/lingzhao/ack.json
2026-05-25 00:40:57,620 [INFO] [lingzhao] 监听模式: poll (5s)
2026-05-25 00:41:02,641 [INFO] [lingzhao] 发现 1 条待处理消息
2026-05-25 00:41:02,642 [INFO] [lingzhao]   [reply] reply-co-test-pass-v2-1779640862 来自 lingxiao: ✅ 场景2共测通过，daemon全链路正常！  验证结果: 1. 你发的 task 消息 -> daemon 5秒内自动 ack ✅ 2. daemon 通过 
2026-05-25 00:41:02,665 [INFO] [lingzhao]   已 ack
2026-05-25 00:41:02,666 [INFO] [lingzhao]   唤醒 agent (type=reply)
2026-05-25 00:41:02,667 [INFO] [lingzhao]   CLI: hermes chat -q '你有新的任务消息: ✅ 场景2共测通过，daemon全链路正常！ 验证结果: 1. 你发的 task 消息 -> daemon 5秒内自动 ack ✅ 2. daemon 通过 ' -Q...
2026-05-25 00:41:02,668 [INFO] [lingzhao]   agent 已唤醒 (PID: 12512)
2026-05-25 00:41:07,680 [INFO] [lingzhao]   agent 进程完成 (PID: 12512, 耗时: 5s, 返回码: 127)
2026-05-25 00:41:07,689 [INFO] [lingzhao]   回执已发送至 lingxiao (原始消息: reply-co-test-pass-v2-1779640862)
2026-05-25 00:43:18,030 [INFO] [lingzhao] 发现 1 条待处理消息
2026-05-25 00:43:18,032 [INFO] [lingzhao]   [reply] done-done-reply-co-test-pass-v2-1779640862-1779640867-1779640997 来自 lingxiao: ✅ 任务完成回执 原始消息: done-reply-co-test-pass-v2-1779640862-1779640867 处理 agent: lingxi
2026-05-25 00:43:18,137 [INFO] [lingzhao]   已 ack
2026-05-25 00:43:18,139 [INFO] [lingzhao]   唤醒 agent (type=reply)
2026-05-25 00:43:18,153 [INFO] [lingzhao]   CLI: export HERMES_HOME=${HERMES_HOME:-/mnt/e/hermes-data/.hermes} && /mnt/e/hermes-data/.hermes/hermes-agent/venv/bin/hermes chat -q '你有新的任务消息: ✅ 任务完成回执 原...
2026-05-25 00:43:18,156 [INFO] [lingzhao]   agent 已唤醒 (PID: 13070)
2026-05-25 00:44:18,376 [INFO] [lingzhao] Mailbox Daemon 已停止
2026-05-25 00:44:50,949 [INFO] [lingzhao] Mailbox Daemon v0.2 启动 — agent=lingzhao
2026-05-25 00:44:50,952 [INFO] [lingzhao]   inbox: /mnt/e/ai_tools/mail/store/inbox/lingzhao/inbox.json
2026-05-25 00:44:50,955 [INFO] [lingzhao]   ack:   /mnt/e/ai_tools/mail/store/inbox/lingzhao/ack.json
2026-05-25 00:44:50,980 [INFO] [lingzhao] 监听模式: poll (5s)
2026-05-25 00:45:31,084 [INFO] [lingzhao] 发现 1 条待处理消息
2026-05-25 00:45:31,085 [INFO] [lingzhao]   [reply] e2e-3-to-lingzhao 来自 lingxiao: 灵昭, 这是测试消息请确认收到。
2026-05-25 00:45:31,110 [INFO] [lingzhao]   已 ack
2026-05-25 00:45:31,110 [INFO] [lingzhao]   唤醒 agent (type=reply)
2026-05-25 00:45:31,112 [INFO] [lingzhao]   CLI: export HERMES_HOME=${HERMES_HOME:-/mnt/e/hermes-data/.hermes} && /mnt/e/hermes-data/.hermes/hermes-agent/venv/bin/hermes chat -q '你有新的任务消息: 灵昭, 这是测试消息...
2026-05-25 00:45:31,121 [INFO] [lingzhao]   agent 已唤醒 (PID: 13641)
2026-05-25 00:45:36,144 [INFO] [lingzhao] 发现 1 条待处理消息
2026-05-25 00:45:36,145 [INFO] [lingzhao]   [reply] done-e2e-2-task-1779641131 来自 lingxiao: ✅ 任务完成回执 原始消息: e2e-2-task 处理 agent: lingxiao 状态: 完成  输出摘要: [2m[thinking] [0m[
2026-05-25 00:45:36,197 [INFO] [lingzhao]   已 ack
2026-05-25 00:45:36,197 [INFO] [lingzhao]   唤醒 agent (type=reply)
2026-05-25 00:45:36,203 [INFO] [lingzhao]   CLI: export HERMES_HOME=${HERMES_HOME:-/mnt/e/hermes-data/.hermes} && /mnt/e/hermes-data/.hermes/hermes-agent/venv/bin/hermes chat -q '你有新的任务消息: ✅ 任务完成回执 原...
2026-05-25 00:45:36,217 [INFO] [lingzhao]   agent 已唤醒 (PID: 13660)
2026-05-25 00:46:41,312 [INFO] [lingzhao] 发现 1 条待处理消息
2026-05-25 00:46:41,313 [INFO] [lingzhao]   [reply] done-e2e-task-1779641196 来自 lingxiao: ✅ 任务完成回执 原始消息: e2e-task 处理 agent: lingxiao 状态: 完成  输出摘要: [2m[thinking] [0m[2m
2026-05-25 00:46:41,340 [INFO] [lingzhao]   已 ack
2026-05-25 00:46:41,340 [INFO] [lingzhao]   唤醒 agent (type=reply)
2026-05-25 00:46:41,342 [INFO] [lingzhao]   CLI: export HERMES_HOME=${HERMES_HOME:-/mnt/e/hermes-data/.hermes} && /mnt/e/hermes-data/.hermes/hermes-agent/venv/bin/hermes chat -q '你有新的任务消息: ✅ 任务完成回执 原...
2026-05-25 00:46:41,349 [INFO] [lingzhao]   agent 已唤醒 (PID: 14329)
2026-05-25 00:46:51,379 [INFO] [lingzhao] 发现 1 条待处理消息
2026-05-25 00:46:51,379 [INFO] [lingzhao]   [reply] e2e-to-lingzhao 来自 lingxiao: 灵昭回复测试: 如果收到这条消息说明reply唤醒正常
2026-05-25 00:46:51,417 [INFO] [lingzhao]   已 ack
2026-05-25 00:46:51,418 [INFO] [lingzhao]   唤醒 agent (type=reply)
2026-05-25 00:46:51,425 [INFO] [lingzhao]   CLI: export HERMES_HOME=${HERMES_HOME:-/mnt/e/hermes-data/.hermes} && /mnt/e/hermes-data/.hermes/hermes-agent/venv/bin/hermes chat -q '你有新的任务消息: 灵昭回复测试: 如果...
2026-05-25 00:46:51,436 [INFO] [lingzhao]   agent 已唤醒 (PID: 14392)
2026-05-25 00:47:16,490 [INFO] [lingzhao]   agent 进程完成 (PID: 13641, 耗时: 105s, 返回码: 0)
2026-05-25 00:47:16,512 [INFO] [lingzhao]   回执已发送至 lingxiao (原始消息: e2e-3-to-lingzhao)
2026-05-25 00:47:16,517 [INFO] [lingzhao]   agent 进程完成 (PID: 13660, 耗时: 100s, 返回码: 0)
2026-05-25 00:47:16,542 [INFO] [lingzhao]   回执已发送至 lingxiao (原始消息: done-e2e-2-task-1779641131)
2026-05-25 00:47:51,613 [INFO] [lingzhao] 发现 1 条待处理消息
2026-05-25 00:47:51,614 [INFO] [lingzhao]   [reply] done-done-done-e2e-2-task-1779641131-1779641236-1779641266 来自 lingxiao: ✅ 任务完成回执 原始消息: done-done-e2e-2-task-1779641131-1779641236 处理 agent: lingxiao 状态:
2026-05-25 00:47:51,646 [INFO] [lingzhao]   已 ack
2026-05-25 00:47:51,647 [INFO] [lingzhao]   唤醒 agent (type=reply)
2026-05-25 00:47:51,652 [INFO] [lingzhao]   CLI: export HERMES_HOME=${HERMES_HOME:-/mnt/e/hermes-data/.hermes} && /mnt/e/hermes-data/.hermes/hermes-agent/venv/bin/hermes chat -q '你有新的任务消息: ✅ 任务完成回执 原...
2026-05-25 00:47:51,664 [INFO] [lingzhao]   agent 已唤醒 (PID: 14803)
2026-05-25 00:48:11,711 [INFO] [lingzhao] 发现 1 条待处理消息
2026-05-25 00:48:11,712 [INFO] [lingzhao]   [reply] done-done-e2e-3-to-lingzhao-1779641236-1779641286 来自 lingxiao: ✅ 任务完成回执 原始消息: done-e2e-3-to-lingzhao-1779641236 处理 agent: lingxiao 状态: 完成  输出摘要
2026-05-25 00:48:11,746 [INFO] [lingzhao]   已 ack
2026-05-25 00:48:11,747 [INFO] [lingzhao]   唤醒 agent (type=reply)
2026-05-25 00:48:11,750 [INFO] [lingzhao]   CLI: export HERMES_HOME=${HERMES_HOME:-/mnt/e/hermes-data/.hermes} && /mnt/e/hermes-data/.hermes/hermes-agent/venv/bin/hermes chat -q '你有新的任务消息: ✅ 任务完成回执 原...
2026-05-25 00:48:11,761 [INFO] [lingzhao]   agent 已唤醒 (PID: 14979)
2026-05-25 00:48:56,845 [INFO] [lingzhao]   agent 进程完成 (PID: 14329, 耗时: 135s, 返回码: 0)
2026-05-25 00:48:56,875 [INFO] [lingzhao]   回执已发送至 lingxiao (原始消息: done-e2e-task-1779641196)
2026-05-25 00:49:36,985 [INFO] [lingzhao] 发现 1 条待处理消息
2026-05-25 00:49:36,986 [INFO] [lingzhao]   [reply] done-done-done-e2e-task-1779641196-1779641336-1779641372 来自 lingxiao: ✅ 任务完成回执 原始消息: done-done-e2e-task-1779641196-1779641336 处理 agent: lingxiao 状态: 完
2026-05-25 00:49:37,027 [INFO] [lingzhao]   已 ack
2026-05-25 00:49:37,028 [INFO] [lingzhao]   唤醒 agent (type=reply)
2026-05-25 00:49:37,033 [INFO] [lingzhao]   CLI: export HERMES_HOME=${HERMES_HOME:-/mnt/e/hermes-data/.hermes} && /mnt/e/hermes-data/.hermes/hermes-agent/venv/bin/hermes chat -q '你有新的任务消息: ✅ 任务完成回执 原...
2026-05-25 00:49:37,044 [INFO] [lingzhao]   agent 已唤醒 (PID: 16072)
2026-05-25 00:49:37,045 [INFO] [lingzhao]   agent 进程完成 (PID: 14803, 耗时: 105s, 返回码: 0)
2026-05-25 00:49:37,064 [INFO] [lingzhao]   回执已发送至 lingxiao (原始消息: done-done-done-e2e-2-task-1779641131-1779641236-1779641266)
2026-05-25 00:49:42,098 [INFO] [lingzhao]   agent 进程完成 (PID: 14392, 耗时: 171s, 返回码: 0)
2026-05-25 00:49:42,120 [INFO] [lingzhao]   回执已发送至 lingxiao (原始消息: e2e-to-lingzhao)
2026-05-25 00:50:12,500 [INFO] [lingzhao] 发现 1 条待处理消息
2026-05-25 00:50:12,502 [INFO] [lingzhao]   [reply] lingxiao-reply-ack-reply-test-1779641440 来自 lingxiao: ✅ 收到你的回复确认。  Reply唤醒测试全链路验证通过！ - 发送端：lingxiao daemon 自动触发 CLI 推送 → 写 inbox - 接收端
2026-05-25 00:50:12,629 [INFO] [lingzhao]   已 ack
2026-05-25 00:50:12,631 [INFO] [lingzhao]   唤醒 agent (type=reply)
2026-05-25 00:50:12,646 [INFO] [lingzhao]   CLI: export HERMES_HOME=${HERMES_HOME:-/mnt/e/hermes-data/.hermes} && /mnt/e/hermes-data/.hermes/hermes-agent/venv/bin/hermes chat -q '你有新的任务消息: ✅ 收到你的回复确认...
2026-05-25 00:50:12,676 [INFO] [lingzhao]   agent 已唤醒 (PID: 16714)
2026-05-25 00:50:22,793 [INFO] [lingzhao] 发现 1 条待处理消息
2026-05-25 00:50:22,797 [INFO] [lingzhao]   [reply] done-reply-test-confirm-lingzhao-1779641370-1779641417 来自 lingxiao: ✅ 任务完成回执 原始消息: reply-test-confirm-lingzhao-1779641370 处理 agent: lingxiao 状态: 完成 
2026-05-25 00:50:22,940 [INFO] [lingzhao]   已 ack
2026-05-25 00:50:22,942 [INFO] [lingzhao]   唤醒 agent (type=reply)
2026-05-25 00:50:22,961 [INFO] [lingzhao]   CLI: export HERMES_HOME=${HERMES_HOME:-/mnt/e/hermes-data/.hermes} && /mnt/e/hermes-data/.hermes/hermes-agent/venv/bin/hermes chat -q '你有新的任务消息: ✅ 任务完成回执 原...
2026-05-25 00:50:23,003 [INFO] [lingzhao]   agent 已唤醒 (PID: 16749)
2026-05-25 00:50:43,178 [INFO] [lingzhao] 发现 1 条待处理消息
2026-05-25 00:50:43,180 [INFO] [lingzhao]   [reply] done-done-done-done-done-e2e-2-task-1779641131-1779641236-1779641266-1779641377-1779641443 来自 lingxiao: ✅ 任务完成回执 原始消息: done-done-done-done-e2e-2-task-1779641131-1779641236-1779641266-1
2026-05-25 00:50:43,290 [INFO] [lingzhao]   已 ack
2026-05-25 00:50:43,293 [INFO] [lingzhao]   唤醒 agent (type=reply)
2026-05-25 00:50:43,308 [INFO] [lingzhao]   CLI: export HERMES_HOME=${HERMES_HOME:-/mnt/e/hermes-data/.hermes} && /mnt/e/hermes-data/.hermes/hermes-agent/venv/bin/hermes chat -q '你有新的任务消息: ✅ 任务完成回执 原...
2026-05-25 00:50:43,340 [INFO] [lingzhao]   agent 已唤醒 (PID: 16897)
2026-05-25 00:50:43,342 [INFO] [lingzhao]   agent 进程完成 (PID: 14979, 耗时: 152s, 返回码: 0)
2026-05-25 00:50:43,403 [INFO] [lingzhao]   回执已发送至 lingxiao (原始消息: done-done-e2e-3-to-lingzhao-1779641236-1779641286)
2026-05-25 00:50:43,466 [INFO] [lingzhao]   agent 进程完成 (PID: 16072, 耗时: 66s, 返回码: 143)
2026-05-25 00:50:43,529 [INFO] [lingzhao]   回执已发送至 lingxiao (原始消息: done-done-done-e2e-task-1779641196-1779641336-1779641372)
2026-05-25 00:50:43,587 [INFO] [lingzhao]   agent 进程完成 (PID: 16714, 耗时: 31s, 返回码: 143)
2026-05-25 00:50:43,644 [INFO] [lingzhao]   回执已发送至 lingxiao (原始消息: lingxiao-reply-ack-reply-test-1779641440)
2026-05-25 00:50:43,707 [INFO] [lingzhao]   agent 进程完成 (PID: 16749, 耗时: 21s, 返回码: 143)
2026-05-25 00:50:43,771 [INFO] [lingzhao]   回执已发送至 lingxiao (原始消息: done-reply-test-confirm-lingzhao-1779641370-1779641417)
2026-05-25 00:50:48,880 [INFO] [lingzhao] 发现 1 条待处理消息
2026-05-25 00:50:48,884 [INFO] [lingzhao]   [reply] done-done-e2e-to-lingzhao-1779641382-1779641443 来自 lingxiao: ✅ 任务完成回执 原始消息: done-e2e-to-lingzhao-1779641382 处理 agent: lingxiao 状态: 异常退出(code=
2026-05-25 00:50:49,061 [INFO] [lingzhao]   已 ack
2026-05-25 00:50:49,065 [INFO] [lingzhao]   唤醒 agent (type=reply)
2026-05-25 00:50:49,084 [INFO] [lingzhao]   CLI: export HERMES_HOME=${HERMES_HOME:-/mnt/e/hermes-data/.hermes} && /mnt/e/hermes-data/.hermes/hermes-agent/venv/bin/hermes chat -q '你有新的任务消息: ✅ 任务完成回执 原...
2026-05-25 00:50:49,125 [INFO] [lingzhao]   agent 已唤醒 (PID: 16993)
2026-05-25 00:51:19,329 [INFO] [lingzhao] 发现 1 条待处理消息
2026-05-25 00:51:19,332 [INFO] [lingzhao]   [reply] done-done-done-reply-test-confirm-lingzhao-1779641370-1779641417-1779641443-1779641479 来自 lingxiao: ✅ 任务完成回执 原始消息: done-done-reply-test-confirm-lingzhao-1779641370-1779641417-17796
2026-05-25 00:51:19,427 [INFO] [lingzhao]   已 ack
2026-05-25 00:51:19,429 [INFO] [lingzhao]   唤醒 agent (type=reply)
2026-05-25 00:51:19,442 [INFO] [lingzhao]   CLI: export HERMES_HOME=${HERMES_HOME:-/mnt/e/hermes-data/.hermes} && /mnt/e/hermes-data/.hermes/hermes-agent/venv/bin/hermes chat -q '你有新的任务消息: ✅ 任务完成回执 原...
2026-05-25 00:51:19,471 [INFO] [lingzhao]   agent 已唤醒 (PID: 17377)
2026-05-25 00:51:34,601 [INFO] [lingzhao] 发现 1 条待处理消息
2026-05-25 00:51:34,604 [INFO] [lingzhao]   [reply] done-done-done-done-done-e2e-task-1779641196-1779641336-1779641372-1779641443-1779641494 来自 lingxiao: ✅ 任务完成回执 原始消息: done-done-done-done-e2e-task-1779641196-1779641336-1779641372-177
2026-05-25 00:51:34,743 [INFO] [lingzhao]   已 ack
2026-05-25 00:51:34,747 [INFO] [lingzhao]   唤醒 agent (type=reply)
2026-05-25 00:51:34,763 [INFO] [lingzhao]   CLI: export HERMES_HOME=${HERMES_HOME:-/mnt/e/hermes-data/.hermes} && /mnt/e/hermes-data/.hermes/hermes-agent/venv/bin/hermes chat -q '你有新的任务消息: ✅ 任务完成回执 原...
2026-05-25 00:51:34,793 [INFO] [lingzhao]   agent 已唤醒 (PID: 17455)
2026-05-25 00:53:00,092 [INFO] [lingzhao] 发现 2 条待处理消息
2026-05-25 00:53:00,093 [INFO] [lingzhao]   [reply] done-done-done-done-e2e-3-to-lingzhao-1779641236-1779641286-1779641443-1779641579 来自 lingxiao: ✅ 任务完成回执 原始消息: done-done-done-e2e-3-to-lingzhao-1779641236-1779641286-1779641443
2026-05-25 00:53:00,147 [INFO] [lingzhao]   已 ack
2026-05-25 00:53:00,149 [INFO] [lingzhao]   唤醒 agent (type=reply)
2026-05-25 00:53:00,156 [INFO] [lingzhao]   CLI: export HERMES_HOME=${HERMES_HOME:-/mnt/e/hermes-data/.hermes} && /mnt/e/hermes-data/.hermes/hermes-agent/venv/bin/hermes chat -q '你有新的任务消息: ✅ 任务完成回执 原...
2026-05-25 00:53:00,178 [INFO] [lingzhao]   agent 已唤醒 (PID: 17684)
2026-05-25 00:53:00,180 [INFO] [lingzhao]   [reply] done-done-lingxiao-reply-ack-reply-test-1779641440-1779641443-1779641579 来自 lingxiao: ✅ 任务完成回执 原始消息: done-lingxiao-reply-ack-reply-test-1779641440-1779641443 处理 agent
2026-05-25 00:53:00,238 [INFO] [lingzhao]   已 ack
2026-05-25 00:53:00,240 [INFO] [lingzhao]   唤醒 agent (type=reply)
2026-05-25 00:53:00,249 [INFO] [lingzhao]   CLI: export HERMES_HOME=${HERMES_HOME:-/mnt/e/hermes-data/.hermes} && /mnt/e/hermes-data/.hermes/hermes-agent/venv/bin/hermes chat -q '你有新的任务消息: ✅ 任务完成回执 原...
2026-05-25 00:53:00,263 [INFO] [lingzhao]   agent 已唤醒 (PID: 17687)
2026-05-25 00:53:15,309 [INFO] [lingzhao]   agent 进程完成 (PID: 16897, 耗时: 152s, 返回码: 0)
2026-05-25 00:53:15,340 [INFO] [lingzhao]   回执已发送至 lingxiao (原始消息: done-done-done-done-done-e2e-2-task-1779641131-1779641236-1779641266-1779641377-1779641443)
2026-05-25 00:53:20,368 [INFO] [lingzhao] 发现 1 条待处理消息
2026-05-25 00:53:20,369 [INFO] [lingzhao]   [reply] mailbus-v03-upgrade-20260525 来自 lingxiao: 📮 mailbus 改造完成 — mailbox-daemon.py v0.3 已支持 Schema 结构化消息\n\n改造摘要：\n1. 消息解析层：自动识别
2026-05-25 00:53:20,430 [INFO] [lingzhao]   已 ack
2026-05-25 00:53:20,431 [INFO] [lingzhao]   唤醒 agent (type=reply)
2026-05-25 00:53:20,438 [INFO] [lingzhao]   CLI: export HERMES_HOME=${HERMES_HOME:-/mnt/e/hermes-data/.hermes} && /mnt/e/hermes-data/.hermes/hermes-agent/venv/bin/hermes chat -q '你有新的任务消息: 📮 mailbus ...
2026-05-25 00:53:20,452 [INFO] [lingzhao]   agent 已唤醒 (PID: 17816)
2026-05-25 00:53:30,474 [INFO] [lingzhao]   agent 进程完成 (PID: 17377, 耗时: 131s, 返回码: 0)
2026-05-25 00:53:30,507 [INFO] [lingzhao]   回执已发送至 lingxiao (原始消息: done-done-done-reply-test-confirm-lingzhao-1779641370-1779641417-1779641443-1779641479)
2026-05-25 00:54:15,581 [INFO] [lingzhao]   agent 进程完成 (PID: 17455, 耗时: 161s, 返回码: 0)
2026-05-25 00:54:15,616 [INFO] [lingzhao]   回执已发送至 lingxiao (原始消息: done-done-done-done-done-e2e-task-1779641196-1779641336-1779641372-1779641443-1779641494)
2026-05-25 00:54:40,703 [INFO] [lingzhao] 发现 1 条待处理消息
2026-05-25 00:54:40,703 [INFO] [lingzhao]   [reply] done-done-done-done-done-done-done-e2e-task-1779641196-1779641336-1779641372-1779641443-1779641494-1779641655-1779641680 来自 lingxiao: ✅ 任务完成回执 原始消息: done-done-done-done-done-done-e2e-task-1779641196-1779641336-1779
2026-05-25 00:54:40,747 [INFO] [lingzhao]   已 ack
2026-05-25 00:54:40,748 [INFO] [lingzhao]   唤醒 agent (type=reply)
2026-05-25 00:54:40,753 [INFO] [lingzhao]   CLI: export HERMES_HOME=${HERMES_HOME:-/mnt/e/hermes-data/.hermes} && /mnt/e/hermes-data/.hermes/hermes-agent/venv/bin/hermes chat -q '你有新的任务消息: ✅ 任务完成回执 原...
2026-05-25 00:54:40,768 [INFO] [lingzhao]   agent 已唤醒 (PID: 18617)
2026-05-25 00:54:50,821 [INFO] [lingzhao] 发现 2 条待处理消息
2026-05-25 00:54:50,824 [INFO] [lingzhao]   [reply] done-done-done-done-done-done-done-e2e-2-task-1779641131-1779641236-1779641266-1779641377-1779641443-1779641595-1779641690 来自 lingxiao: ✅ 任务完成回执 原始消息: done-done-done-done-done-done-e2e-2-task-1779641131-1779641236-17
2026-05-25 00:54:50,867 [INFO] [lingzhao]   已 ack
2026-05-25 00:54:50,868 [INFO] [lingzhao]   唤醒 agent (type=reply)
2026-05-25 00:54:50,874 [INFO] [lingzhao]   CLI: export HERMES_HOME=${HERMES_HOME:-/mnt/e/hermes-data/.hermes} && /mnt/e/hermes-data/.hermes/hermes-agent/venv/bin/hermes chat -q '你有新的任务消息: ✅ 任务完成回执 原...
2026-05-25 00:54:50,884 [INFO] [lingzhao]   agent 已唤醒 (PID: 18937)
2026-05-25 00:54:50,887 [INFO] [lingzhao]   [reply] done-done-done-done-done-reply-test-confirm-lingzhao-1779641370-1779641417-1779641443-1779641479-1779641610-1779641690 来自 lingxiao: ✅ 任务完成回执 原始消息: done-done-done-done-reply-test-confirm-lingzhao-1779641370-177964
2026-05-25 00:54:50,942 [INFO] [lingzhao]   已 ack
2026-05-25 00:54:50,944 [INFO] [lingzhao]   唤醒 agent (type=reply)
2026-05-25 00:54:50,951 [INFO] [lingzhao]   CLI: export HERMES_HOME=${HERMES_HOME:-/mnt/e/hermes-data/.hermes} && /mnt/e/hermes-data/.hermes/hermes-agent/venv/bin/hermes chat -q '你有新的任务消息: ✅ 任务完成回执 原...
2026-05-25 00:54:50,969 [INFO] [lingzhao]   agent 已唤醒 (PID: 18940)
2026-05-25 00:55:56,124 [INFO] [lingzhao]   agent 进程完成 (PID: 17684, 耗时: 176s, 返回码: 2)
2026-05-25 00:55:56,139 [INFO] [lingzhao]   回执已发送至 lingxiao (原始消息: done-done-done-done-e2e-3-to-lingzhao-1779641236-1779641286-1779641443-1779641579)
2026-05-25 00:56:31,233 [INFO] [lingzhao]   agent 进程完成 (PID: 18937, 耗时: 100s, 返回码: 0)
2026-05-25 00:56:31,245 [ERROR] [lingzhao] 循环异常: 'messages'
Traceback (most recent call last):
  File "/mnt/e/ai_tools/mail/mailbox-daemon.py", line 132, in start
    return {
    
  File "/mnt/e/ai_tools/mail/mailbox-daemon.py", line 346, in _reap_processes
        m["ack_notes"] = notes
        ^^^^^^^^^^^^^^^^^^^^^^
    ...<2 lines>...
    updated = True
    
  File "/mnt/e/ai_tools/mail/mailbox-daemon.py", line 378, in _send_completion_notice
    return False
KeyError: 'messages'
2026-05-25 00:56:36,262 [INFO] [lingzhao]   agent 进程完成 (PID: 18937, 耗时: 105s, 返回码: 0)
2026-05-25 00:56:36,281 [INFO] [lingzhao]   回执已发送至 lingxiao (原始消息: done-done-done-done-done-done-done-e2e-2-task-1779641131-1779641236-1779641266-1779641377-1779641443-1779641595-1779641690)
2026-05-25 00:56:51,337 [INFO] [lingzhao] 发现 1 条待处理消息
2026-05-25 00:56:51,337 [INFO] [lingzhao]   [reply] done-design_review-mailbus-v03-review-20260525-1779641810 来自 lingxiao: ✅ 任务完成回执 原始消息: design_review-mailbus-v03-review-20260525 处理 agent: lingxiao 状态: 
2026-05-25 00:56:51,352 [INFO] [lingzhao]   已 ack
2026-05-25 00:56:51,352 [INFO] [lingzhao]   唤醒 agent (type=reply)
2026-05-25 00:56:51,354 [INFO] [lingzhao]   CLI: export HERMES_HOME=${HERMES_HOME:-/mnt/e/hermes-data/.hermes} && /mnt/e/hermes-data/.hermes/hermes-agent/venv/bin/hermes chat -q '你有新的任务消息: ✅ 任务完成回执 原...
2026-05-25 00:56:51,362 [INFO] [lingzhao]   agent 已唤醒 (PID: 21417)
2026-05-25 00:56:51,362 [INFO] [lingzhao]   agent 进程完成 (PID: 17816, 耗时: 211s, 返回码: 0)
2026-05-25 00:56:51,372 [INFO] [lingzhao]   回执已发送至 lingxiao (原始消息: mailbus-v03-upgrade-20260525)
2026-05-25 00:57:06,421 [INFO] [lingzhao]   agent 进程完成 (PID: 18617, 耗时: 146s, 返回码: 0)
2026-05-25 00:57:06,452 [INFO] [lingzhao]   回执已发送至 lingxiao (原始消息: done-done-done-done-done-done-done-e2e-task-1779641196-1779641336-1779641372-1779641443-1779641494-1779641655-1779641680)
2026-05-25 00:57:21,519 [INFO] [lingzhao] 发现 1 条待处理消息
2026-05-25 00:57:21,519 [INFO] [lingzhao]   [reply] done-done-mailbus-v03-upgrade-20260525-1779641811-1779641841 来自 lingxiao: ✅ 任务完成回执 原始消息: done-mailbus-v03-upgrade-20260525-1779641811 处理 agent: lingxiao 状
2026-05-25 00:57:21,569 [INFO] [lingzhao]   已 ack
2026-05-25 00:57:21,570 [INFO] [lingzhao]   唤醒 agent (type=reply)
2026-05-25 00:57:21,574 [INFO] [lingzhao]   CLI: export HERMES_HOME=${HERMES_HOME:-/mnt/e/hermes-data/.hermes} && /mnt/e/hermes-data/.hermes/hermes-agent/venv/bin/hermes chat -q '你有新的任务消息: ✅ 任务完成回执 原...
2026-05-25 00:57:21,588 [INFO] [lingzhao]   agent 已唤醒 (PID: 22152)
2026-05-25 00:57:26,601 [INFO] [lingzhao]   agent 进程完成 (PID: 17687, 耗时: 266s, 返回码: 0)
2026-05-25 00:57:26,618 [INFO] [lingzhao]   回执已发送至 lingxiao (原始消息: done-done-lingxiao-reply-ack-reply-test-1779641440-1779641443-1779641579)
2026-05-25 00:57:46,671 [INFO] [lingzhao] 发现 1 条待处理消息
2026-05-25 00:57:46,672 [INFO] [lingzhao]   [reply] done-done-done-done-done-done-done-done-done-e2e-task-1779641196-1779641336-1779641372-1779641443-1779641494-1779641655-1779641680-1779641826-1779641866 来自 lingxiao: ✅ 任务完成回执 原始消息: done-done-done-done-done-done-done-done-e2e-task-1779641196-17796
2026-05-25 00:57:46,705 [INFO] [lingzhao]   已 ack
2026-05-25 00:57:46,706 [INFO] [lingzhao]   唤醒 agent (type=reply)
2026-05-25 00:57:46,709 [INFO] [lingzhao]   CLI: export HERMES_HOME=${HERMES_HOME:-/mnt/e/hermes-data/.hermes} && /mnt/e/hermes-data/.hermes/hermes-agent/venv/bin/hermes chat -q '你有新的任务消息: ✅ 任务完成回执 原...
2026-05-25 00:57:46,719 [INFO] [lingzhao]   agent 已唤醒 (PID: 22627)
2026-05-25 00:57:51,735 [INFO] [lingzhao] 发现 1 条待处理消息
2026-05-25 00:57:51,736 [INFO] [lingzhao]   [reply] done-done-done-done-done-done-e2e-3-to-lingzhao-1779641236-1779641286-1779641443-1779641579-1779641756-1779641871 来自 lingxiao: ✅ 任务完成回执 原始消息: done-done-done-done-done-e2e-3-to-lingzhao-1779641236-1779641286-
2026-05-25 00:57:51,781 [INFO] [lingzhao]   已 ack
2026-05-25 00:57:51,782 [INFO] [lingzhao]   唤醒 agent (type=reply)
2026-05-25 00:57:51,787 [INFO] [lingzhao]   CLI: export HERMES_HOME=${HERMES_HOME:-/mnt/e/hermes-data/.hermes} && /mnt/e/hermes-data/.hermes/hermes-agent/venv/bin/hermes chat -q '你有新的任务消息: ✅ 任务完成回执 原...
2026-05-25 00:57:51,799 [INFO] [lingzhao]   agent 已唤醒 (PID: 22709)
2026-05-25 00:58:11,849 [INFO] [lingzhao] 发现 1 条待处理消息
2026-05-25 00:58:11,850 [INFO] [lingzhao]   [reply] done-done-done-done-lingxiao-reply-ack-reply-test-1779641440-1779641443-1779641579-1779641846-1779641891 来自 lingxiao: ✅ 任务完成回执 原始消息: done-done-done-lingxiao-reply-ack-reply-test-1779641440-177964144
2026-05-25 00:58:11,874 [INFO] [lingzhao]   已 ack
2026-05-25 00:58:11,875 [INFO] [lingzhao]   唤醒 agent (type=reply)
2026-05-25 00:58:11,878 [INFO] [lingzhao]   CLI: export HERMES_HOME=${HERMES_HOME:-/mnt/e/hermes-data/.hermes} && /mnt/e/hermes-data/.hermes/hermes-agent/venv/bin/hermes chat -q '你有新的任务消息: ✅ 任务完成回执 原...
2026-05-25 00:58:11,886 [INFO] [lingzhao]   agent 已唤醒 (PID: 22853)
2026-05-25 00:58:11,887 [INFO] [lingzhao]   agent 进程完成 (PID: 16993, 耗时: 443s, 返回码: 0)
2026-05-25 00:58:11,902 [INFO] [lingzhao]   回执已发送至 lingxiao (原始消息: done-done-e2e-to-lingzhao-1779641382-1779641443)
2026-05-25 00:58:31,936 [INFO] [lingzhao]   agent 进程完成 (PID: 22627, 耗时: 45s, 返回码: 143)
2026-05-25 00:58:31,957 [INFO] [lingzhao]   回执已发送至 lingxiao (原始消息: done-done-done-done-done-done-done-done-done-e2e-task-1779641196-1779641336-1779641372-1779641443-1779641494-1779641655-1779641680-1779641826-1779641866)
2026-05-25 00:58:31,968 [INFO] [lingzhao]   agent 进程完成 (PID: 22709, 耗时: 40s, 返回码: 143)
2026-05-25 00:58:31,978 [INFO] [lingzhao]   回执已发送至 lingxiao (原始消息: done-done-done-done-done-done-e2e-3-to-lingzhao-1779641236-1779641286-1779641443-1779641579-1779641756-1779641871)
2026-05-25 00:58:31,989 [INFO] [lingzhao]   agent 进程完成 (PID: 22853, 耗时: 20s, 返回码: 143)
2026-05-25 00:58:31,998 [INFO] [lingzhao]   回执已发送至 lingxiao (原始消息: done-done-done-done-lingxiao-reply-ack-reply-test-1779641440-1779641443-1779641579-1779641846-1779641891)
2026-05-25 00:58:32,012 [INFO] [lingzhao] Mailbox Daemon 已停止
2026-05-25 01:11:08,143 [INFO] [lingzhao] Mailbox Daemon v0.4 启动 (风险修复: write_json容错 + reply去唤醒) — agent=lingzhao
2026-05-25 01:11:08,144 [INFO] [lingzhao]   inbox: /mnt/e/ai_tools/mail/store/inbox/lingzhao/inbox.json
2026-05-25 01:11:08,144 [INFO] [lingzhao]   ack:   /mnt/e/ai_tools/mail/store/inbox/lingzhao/ack.json
2026-05-25 01:11:08,148 [INFO] [lingzhao] 监听模式: poll (5s)
2026-05-25 01:18:10,716 [INFO] [lingzhao] Mailbox Daemon v0.4 启动 (风险修复: write_json容错 + reply去唤醒) — agent=lingzhao
2026-05-25 01:18:10,718 [INFO] [lingzhao]   inbox: /mnt/e/ai_tools/mail/store/inbox/lingzhao/inbox.json
2026-05-25 01:18:10,720 [INFO] [lingzhao]   ack:   /mnt/e/ai_tools/mail/store/inbox/lingzhao/ack.json
2026-05-25 01:18:10,731 [INFO] [lingzhao] 监听模式: poll (5s)
2026-05-25 01:21:49,031 [INFO] [lingzhao] 发现 1 条待处理消息
2026-05-25 01:21:49,032 [INFO] [lingzhao]   [task] opt-token-save-proposal-20260525 来自 lingxiao: 今天烧了60多块，我查了一遍mailbus的token浪费，发现5个优化点，你看要不要搞：  【P0 - 最烧钱】完成回执携带AI thinking痕迹   问
2026-05-25 01:21:49,063 [INFO] [lingzhao]   已 ack
2026-05-25 01:21:49,064 [INFO] [lingzhao]   唤醒 agent (type=task)
2026-05-25 01:21:49,066 [INFO] [lingzhao]   CLI: export HERMES_HOME=${HERMES_HOME:-/mnt/e/hermes-data/.hermes} && /mnt/e/hermes-data/.hermes/hermes-agent/venv/bin/hermes chat -q '你有新的任务消息: 今天烧了60多块，我...
2026-05-25 01:21:49,076 [INFO] [lingzhao]   agent 已唤醒 (PID: 27431)
2026-05-25 01:24:09,291 [INFO] [lingzhao] 发现 1 条待处理消息
2026-05-25 01:24:09,292 [INFO] [lingzhao]   [reply] done-msg-20260525-reply-token-opt-1779643446 来自 lingxiao: ✅ 任务完成回执 原始消息: msg-20260525-reply-token-opt 处理 agent: lingxiao 状态: 异常退出(code=1) 
2026-05-25 01:24:09,343 [INFO] [lingzhao]   已 ack
2026-05-25 01:24:09,343 [INFO] [lingzhao]   完成回执，无需再唤醒 agent，标记 done
2026-05-25 01:24:19,399 [INFO] [lingzhao]   agent 进程完成 (PID: 27431, 耗时: 150s, 返回码: 0)
2026-05-25 01:24:19,414 [INFO] [lingzhao]   回执已发送至 lingxiao (原始消息: opt-token-save-proposal-20260525)
2026-05-25 01:41:04,789 [INFO] [lingzhao] Mailbox Daemon v0.4 启动 (风险修复: write_json容错 + reply去唤醒) — agent=lingzhao
2026-05-25 01:41:04,790 [INFO] [lingzhao]   inbox: /mnt/e/ai_tools/mail/store/inbox/lingzhao/inbox.json
2026-05-25 01:41:04,791 [INFO] [lingzhao]   ack:   /mnt/e/ai_tools/mail/store/inbox/lingzhao/ack.json
2026-05-25 01:41:04,804 [INFO] [lingzhao] 监听模式: poll (15s)
2026-05-25 01:41:19,946 [INFO] [lingzhao] 发现 1 条待处理消息
2026-05-25 01:41:19,946 [INFO] [lingzhao]   [task] msg-20260525-77345 来自 lingxiao: 发现了信收不到的问题根因！排查结果：bus.py serve API服务一直在跑，但 mailbox-daemon.py（各agent收件箱守护进程）全部没启动
2026-05-25 01:41:20,036 [INFO] [lingzhao]   已 ack
2026-05-25 01:41:20,036 [INFO] [lingzhao]   唤醒 agent (type=task)
2026-05-25 01:41:20,038 [INFO] [lingzhao]   CLI: export HERMES_HOME=${HERMES_HOME:-/mnt/e/hermes-data/.hermes} && /mnt/e/hermes-data/.hermes/hermes-agent/venv/bin/hermes chat -q '你有新的任务消息: 发现了信收不到的问题...
2026-05-25 01:41:20,050 [INFO] [lingzhao]   agent 已唤醒 (PID: 1690)
2026-05-25 01:43:05,135 [INFO] [lingzhao] 发现 1 条待处理消息
2026-05-25 01:43:05,135 [INFO] [lingzhao]   [report] lingxi-report-agentmem-20260525 来自 lingxi: 灵昭，TencentDB for Agent Memory 调研完毕。  结论先说：短期不建议换，但不代表没用。  === 调研结论 ===  【Tencent
2026-05-25 01:43:05,164 [INFO] [lingzhao]   已 ack
2026-05-25 01:43:05,164 [INFO] [lingzhao]   唤醒 agent (type=report)
2026-05-25 01:43:05,168 [INFO] [lingzhao]   CLI: export HERMES_HOME=${HERMES_HOME:-/mnt/e/hermes-data/.hermes} && /mnt/e/hermes-data/.hermes/hermes-agent/venv/bin/hermes chat -q '你有新的任务消息: 灵昭，Tencent...
2026-05-25 01:43:05,188 [INFO] [lingzhao]   agent 已唤醒 (PID: 1888)
2026-05-25 01:44:10,291 [INFO] [lingzhao]   agent 进程完成 (PID: 1690, 耗时: 170s, 返回码: 0)
2026-05-25 01:44:10,325 [INFO] [lingzhao]   回执已发送至 lingxiao (原始消息: msg-20260525-77345)
2026-05-25 01:44:25,391 [INFO] [lingzhao] Mailbox Daemon 已停止
2026-05-25 01:44:52,889 [INFO] [lingzhao] Mailbox Daemon v0.4 启动 (风险修复: write_json容错 + reply去唤醒) — agent=lingzhao
2026-05-25 01:44:52,891 [INFO] [lingzhao]   inbox: /mnt/e/ai_tools/mail/store/inbox/lingzhao/inbox.json
2026-05-25 01:44:52,893 [INFO] [lingzhao]   ack:   /mnt/e/ai_tools/mail/store/inbox/lingzhao/ack.json
2026-05-25 01:44:52,905 [INFO] [lingzhao] 监听模式: poll (15s)
2026-05-25 01:45:13,227 [INFO] [lingzhao] 发现 1 条待处理消息 (含崩溃恢复)
2026-05-25 01:45:13,229 [INFO] [lingzhao]   [reply] done-msg-20260525-reply-dali-fix-1779644712 来自 dali: ✅ 任务完成回执 原始消息: msg-20260525-reply-dali-fix 处理 agent: dali 状态: 完成  输出摘要: > build 
2026-05-25 01:45:13,363 [INFO] [lingzhao]   已 ack
2026-05-25 01:45:13,365 [INFO] [lingzhao]   完成回执，无需再唤醒 agent，标记 done
2026-05-25 01:45:23,545 [INFO] [lingzhao] 发现 3 条待处理消息 (含崩溃恢复)
2026-05-25 01:45:23,564 [INFO] [lingzhao]   [reply] done-msg-20260521-15081-1779644718 来自 dali: ✅ 任务完成回执 原始消息: msg-20260521-15081 处理 agent: dali 状态: 完成  输出摘要: > build · deepsee
2026-05-25 01:45:23,641 [INFO] [lingzhao]   已 ack
2026-05-25 01:45:23,643 [INFO] [lingzhao]   完成回执，无需再唤醒 agent，标记 done
2026-05-25 01:45:23,681 [INFO] [lingzhao]   [reply] done-msg-20260525-reply-dali-fix-1779644719 来自 dali: ✅ 任务完成回执 原始消息: msg-20260525-reply-dali-fix 处理 agent: dali 状态: 完成  输出摘要: > build 
2026-05-25 01:45:23,764 [INFO] [lingzhao]   已 ack
2026-05-25 01:45:23,765 [INFO] [lingzhao]   完成回执，无需再唤醒 agent，标记 done
2026-05-25 01:45:23,801 [INFO] [lingzhao]   [reply] done-msg-20260521-13537-1779644723 来自 yige: ✅ 任务完成回执 原始消息: msg-20260521-13537 处理 agent: yige 状态: 异常退出(code=1)  输出摘要: [agent/
2026-05-25 01:45:23,869 [INFO] [lingzhao]   已 ack
2026-05-25 01:45:23,871 [INFO] [lingzhao]   完成回执，无需再唤醒 agent，标记 done
2026-05-25 01:45:33,956 [INFO] [lingzhao] 发现 1 条待处理消息 (含崩溃恢复)
2026-05-25 01:45:33,957 [INFO] [lingzhao]   [reply] done-msg-20260521-15081-1779644730 来自 dali: ✅ 任务完成回执 原始消息: msg-20260521-15081 处理 agent: dali 状态: 完成  输出摘要: > build · deepsee
2026-05-25 01:45:34,036 [INFO] [lingzhao]   已 ack
2026-05-25 01:45:34,038 [INFO] [lingzhao]   完成回执，无需再唤醒 agent，标记 done
2026-05-25 01:45:39,097 [INFO] [lingzhao] 发现 2 条待处理消息 (含崩溃恢复)
2026-05-25 01:45:39,099 [INFO] [lingzhao]   [task] msg-20260525-19620 来自 lingxiao: Token优化方案已落地并推main (commit 600d04f)。5个优化点全部完成：ANSI剥离+thinking过滤、文件探活零token成本、Pol
2026-05-25 01:45:39,158 [INFO] [lingzhao]   已 ack
2026-05-25 01:45:39,161 [INFO] [lingzhao]   唤醒 agent (type=task)
2026-05-25 01:45:39,345 [INFO] [lingzhao]   任务已创建: msg-20260525-19620
2026-05-25 01:45:39,388 [INFO] [lingzhao]   CLI: export HERMES_HOME=${HERMES_HOME:-/mnt/e/hermes-data/.hermes} && /mnt/e/hermes-data/.hermes/hermes-agent/venv/bin/hermes chat -q '你有新的任务消息: Token优化方案已...
2026-05-25 01:45:39,416 [INFO] [lingzhao]   agent 已唤醒 (PID: 6974)
2026-05-25 01:45:39,417 [INFO] [lingzhao]   [reply] done-msg-20260521-15081-1779644736 来自 dali: ✅ 任务完成回执 原始消息: msg-20260521-15081 处理 agent: dali 状态: 异常退出(code=127)  输出摘要: > bui
2026-05-25 01:45:39,490 [INFO] [lingzhao]   已 ack
2026-05-25 01:45:39,492 [INFO] [lingzhao]   完成回执，无需再唤醒 agent，标记 done
2026-05-25 01:45:44,538 [INFO] [lingzhao] 发现 1 条待处理消息 (含崩溃恢复)
2026-05-25 01:45:44,539 [INFO] [lingzhao]   [reply] done-msg-20260525-confirm-done-v04-1779644739 来自 lingxiao: ✅ 任务完成回执 原始消息: msg-20260525-confirm-done-v04 处理 agent: lingxiao 状态: 完成  输出摘要: [r
2026-05-25 01:45:44,591 [INFO] [lingzhao]   已 ack
2026-05-25 01:45:44,592 [INFO] [lingzhao]   完成回执，无需再唤醒 agent，标记 done
2026-05-25 01:45:49,646 [INFO] [lingzhao] 发现 1 条待处理消息 (含崩溃恢复)
2026-05-25 01:45:49,647 [INFO] [lingzhao]   [reply] done-msg-20260524-pr-1779638306-1779644746 来自 dali: ✅ 任务完成回执 原始消息: msg-20260524-pr-1779638306 处理 agent: dali 状态: 完成  输出摘要: > build ·
2026-05-25 01:45:49,708 [INFO] [lingzhao]   已 ack
2026-05-25 01:45:49,709 [INFO] [lingzhao]   完成回执，无需再唤醒 agent，标记 done
2026-05-25 01:45:59,765 [INFO] [lingzhao] 发现 1 条待处理消息 (含崩溃恢复)
2026-05-25 01:45:59,766 [INFO] [lingzhao]   [reply] done-msg-20260524-pr-1779638306-1779644756 来自 dali: ✅ 任务完成回执 原始消息: msg-20260524-pr-1779638306 处理 agent: dali 状态: 完成  输出摘要: > build ·
2026-05-25 01:45:59,823 [INFO] [lingzhao]   已 ack
2026-05-25 01:45:59,824 [INFO] [lingzhao]   完成回执，无需再唤醒 agent，标记 done
2026-05-25 01:46:09,885 [INFO] [lingzhao] 发现 2 条待处理消息 (含崩溃恢复)
2026-05-25 01:46:09,885 [INFO] [lingzhao]   [reply] dali-review-147fb046-20260525 来自 dali: 【code review 完成】commit 147fb046  灵昭，审查完毕，报告已存 store/reports/review-20260525-0200
2026-05-25 01:46:09,916 [INFO] [lingzhao]   已 ack
2026-05-25 01:46:09,916 [INFO] [lingzhao]   唤醒 agent (type=reply)
2026-05-25 01:46:09,929 [INFO] [lingzhao]   任务已创建: dali-review-147fb046-20260525
2026-05-25 01:46:09,969 [INFO] [lingzhao]   CLI: export HERMES_HOME=${HERMES_HOME:-/mnt/e/hermes-data/.hermes} && /mnt/e/hermes-data/.hermes/hermes-agent/venv/bin/hermes chat -q '你有新的任务消息: 【code revi...
2026-05-25 01:46:09,981 [INFO] [lingzhao]   agent 已唤醒 (PID: 7420)
2026-05-25 01:46:09,982 [INFO] [lingzhao]   [reply] done-msg-20260524-pr-1779638306-1779644766 来自 dali: ✅ 任务完成回执 原始消息: msg-20260524-pr-1779638306 处理 agent: dali 状态: 异常退出(code=127)  输出摘
2026-05-25 01:46:10,038 [INFO] [lingzhao]   已 ack
2026-05-25 01:46:10,039 [INFO] [lingzhao]   完成回执，无需再唤醒 agent，标记 done
2026-05-25 01:46:20,089 [INFO] [lingzhao] 发现 1 条待处理消息 (含崩溃恢复)
2026-05-25 01:46:20,089 [INFO] [lingzhao]   [reply] done-msg-20260524-pr-1779638306-1779644777 来自 dali: ✅ 任务完成回执 原始消息: msg-20260524-pr-1779638306 处理 agent: dali 状态: 完成  输出摘要: > build ·
2026-05-25 01:46:20,121 [INFO] [lingzhao]   已 ack
2026-05-25 01:46:20,122 [INFO] [lingzhao]   完成回执，无需再唤醒 agent，标记 done
2026-05-25 01:46:35,220 [INFO] [lingzhao] 发现 1 条待处理消息 (含崩溃恢复)
2026-05-25 01:46:35,227 [INFO] [lingzhao]   [reply] done-msg-20260522-60148-1779644794 来自 lingjin: ✅ 任务完成回执 原始消息: msg-20260522-60148 处理 agent: lingjin 状态: 完成  输出摘要: ┊ review diff
2026-05-25 01:46:35,480 [INFO] [lingzhao]   已 ack
2026-05-25 01:46:35,484 [INFO] [lingzhao]   完成回执，无需再唤醒 agent，标记 done
2026-05-25 01:47:00,851 [INFO] [lingzhao] 发现 1 条待处理消息 (含崩溃恢复)
2026-05-25 01:47:00,856 [INFO] [lingzhao]   [reply] done-lingzhao-reply-mineru-20260525-1779644820 来自 lingxi: ✅ 任务完成回执 原始消息: lingzhao-reply-mineru-20260525 处理 agent: lingxi 状态: 完成  输出摘要: ┊ r
2026-05-25 01:47:01,109 [INFO] [lingzhao]   已 ack
2026-05-25 01:47:01,112 [INFO] [lingzhao]   完成回执，无需再唤醒 agent，标记 done
2026-05-25 01:47:36,487 [INFO] [lingzhao] 发现 1 条待处理消息 (含崩溃恢复)
2026-05-25 01:47:36,490 [INFO] [lingzhao]   [reply] done-msg-20260524-pr-1779638306-1779644852 来自 dali: ✅ 任务完成回执 原始消息: msg-20260524-pr-1779638306 处理 agent: dali 状态: 完成  输出摘要: > build ·
2026-05-25 01:47:36,664 [INFO] [lingzhao]   已 ack
2026-05-25 01:47:36,666 [INFO] [lingzhao]   完成回执，无需再唤醒 agent，标记 done
2026-05-25 01:49:47,215 [INFO] [lingzhao]   agent 进程完成 (PID: 7420, 耗时: 217s, 返回码: 0)
2026-05-25 01:49:47,276 [INFO] [lingzhao]   回执已发送至 dali (原始消息: dali-review-147fb046-20260525)
2026-05-25 01:52:02,647 [INFO] [lingzhao]   agent 进程完成 (PID: 6974, 耗时: 383s, 返回码: 0)
2026-05-25 01:52:02,681 [INFO] [lingzhao]   回执已发送至 lingxiao (原始消息: msg-20260525-19620)
2026-05-25 01:52:17,789 [INFO] [lingzhao] 发现 1 条待处理消息 (含崩溃恢复)
2026-05-25 01:52:17,790 [INFO] [lingzhao]   [reply] done-lingzhao-reply-agentmem-20260525-1779645137 来自 lingxi: ✅ 任务完成回执 原始消息: lingzhao-reply-agentmem-20260525 处理 agent: lingxi 状态: 完成  输出摘要: ┊
2026-05-25 01:52:17,836 [INFO] [lingzhao]   已 ack
2026-05-25 01:52:17,836 [INFO] [lingzhao]   完成回执，无需再唤醒 agent，标记 done
2026-05-25 02:11:38,938 [INFO] [lingzhao] Mailbox Daemon 已停止
2026-05-25 02:11:44,489 [INFO] [lingzhao] Mailbox Daemon v0.4 启动 (风险修复: write_json容错 + reply去唤醒) — agent=lingzhao
2026-05-25 02:11:44,490 [INFO] [lingzhao]   inbox: /mnt/e/ai_tools/mail/store/inbox/lingzhao/inbox.json
2026-05-25 02:11:44,490 [INFO] [lingzhao]   ack:   /mnt/e/ai_tools/mail/store/inbox/lingzhao/ack.json
2026-05-25 02:11:44,493 [INFO] [lingzhao] 监听模式: poll (15s)
2026-05-25 02:11:44,503 [INFO] [lingzhao] 发现 1 条待处理消息 (含崩溃恢复)
2026-05-25 02:11:44,503 [INFO] [lingzhao]   [reply] lingxi-reply-lingzhao-agentmem-done-20260525 来自 lingxi: 哥，收到。已处理完：  1️⃣ ✅ 调研原文已转发给灵霄和一哥    - 灵霄：侧重 L2 场景记忆的架构设计参考    - 一哥：OpenClaw 可直接 `
2026-05-25 02:11:44,540 [INFO] [lingzhao]   已 ack
2026-05-25 02:11:44,573 [INFO] [lingzhao]   任务已创建: lingxi-reply-lingzhao-agentmem-done-20260525
2026-05-25 02:11:44,591 [INFO] [lingzhao]   CLI: export HERMES_HOME=${HERMES_HOME:-/mnt/e/hermes-data/.hermes} && /mnt/e/hermes-data/.hermes/hermes-agent/venv/bin/hermes chat -q '你有新的任务消息: 哥，收到。已处理完：...（1 条消息）
2026-05-25 02:11:44,597 [INFO] [lingzhao]   agent 已唤醒 (PID: 11863, 消息数: 1)
2026-05-25 02:12:21,743 [INFO] [lingzhao] Mailbox Daemon v0.4 启动 (风险修复: write_json容错 + reply去唤醒) — agent=lingzhao
2026-05-25 02:12:21,744 [INFO] [lingzhao]   inbox: /mnt/e/ai_tools/mail/store/inbox/lingzhao/inbox.json
2026-05-25 02:12:21,744 [INFO] [lingzhao]   ack:   /mnt/e/ai_tools/mail/store/inbox/lingzhao/ack.json
2026-05-25 02:12:21,750 [INFO] [lingzhao] 监听模式: poll (15s)
2026-05-25 02:16:27,084 [INFO] [lingzhao] Mailbox Daemon 已停止
2026-05-25 02:16:30,671 [INFO] [lingzhao] Mailbox Daemon v0.5 启动 (任务追踪+去重保护) — agent=lingzhao
2026-05-25 02:16:30,671 [INFO] [lingzhao]   inbox: /mnt/e/ai_tools/mail/store/inbox/lingzhao/inbox.json
2026-05-25 02:16:30,671 [INFO] [lingzhao]   ack:   /mnt/e/ai_tools/mail/store/inbox/lingzhao/ack.json
2026-05-25 02:16:30,674 [INFO] [lingzhao] 监听模式: poll (15s)
2026-05-25 02:17:04,718 [INFO] [lingzhao] Mailbox Daemon v0.5 启动 (任务追踪+去重保护) — agent=lingzhao
2026-05-25 02:17:04,720 [INFO] [lingzhao]   inbox: /mnt/e/ai_tools/mail/store/inbox/lingzhao/inbox.json
2026-05-25 02:17:04,721 [INFO] [lingzhao]   ack:   /mnt/e/ai_tools/mail/store/inbox/lingzhao/ack.json
2026-05-25 02:17:04,729 [INFO] [lingzhao] 监听模式: poll (15s)
2026-05-25 02:17:39,979 [INFO] [lingzhao] Mailbox Daemon v0.5 启动 (任务追踪+去重保护) — agent=lingzhao
2026-05-25 02:17:39,980 [INFO] [lingzhao]   inbox: /mnt/e/ai_tools/mail/store/inbox/lingzhao/inbox.json
2026-05-25 02:17:39,980 [INFO] [lingzhao]   ack:   /mnt/e/ai_tools/mail/store/inbox/lingzhao/ack.json
2026-05-25 02:17:39,983 [INFO] [lingzhao] 监听模式: poll (15s)
2026-05-25 02:18:17,767 [INFO] [lingzhao] Mailbox Daemon v0.5 启动 (任务追踪+去重保护) — agent=lingzhao
2026-05-25 02:18:17,767 [INFO] [lingzhao]   inbox: /mnt/e/ai_tools/mail/store/inbox/lingzhao/inbox.json
2026-05-25 02:18:17,768 [INFO] [lingzhao]   ack:   /mnt/e/ai_tools/mail/store/inbox/lingzhao/ack.json
2026-05-25 02:18:17,774 [INFO] [lingzhao] 监听模式: poll (15s)
2026-05-25 02:18:53,914 [INFO] [lingzhao] Mailbox Daemon v0.5 启动 (任务追踪+去重保护) — agent=lingzhao
2026-05-25 02:18:53,915 [INFO] [lingzhao]   inbox: /mnt/e/ai_tools/mail/store/inbox/lingzhao/inbox.json
2026-05-25 02:18:53,915 [INFO] [lingzhao]   ack:   /mnt/e/ai_tools/mail/store/inbox/lingzhao/ack.json
2026-05-25 02:18:53,922 [INFO] [lingzhao] 监听模式: poll (15s)
2026-05-25 08:08:01,736 [INFO] [lingzhao] Mailbox Daemon v0.5 启动 (任务追踪+去重保护) — agent=lingzhao
2026-05-25 08:08:01,737 [INFO] [lingzhao]   inbox: /mnt/e/ai_tools/mail/store/inbox/lingzhao/inbox.json
2026-05-25 08:08:01,738 [INFO] [lingzhao]   ack:   /mnt/e/ai_tools/mail/store/inbox/lingzhao/ack.json
2026-05-25 08:08:01,744 [INFO] [lingzhao] 监听模式: poll (15s)
2026-05-25 08:08:01,750 [INFO] [lingzhao] 发现 1 条待处理消息 (含崩溃恢复)
2026-05-25 08:08:01,750 [INFO] [lingzhao]   [reply] reply-agentmem-fix-20260525 来自 lingxiao: ✅ AgentMemory 启动逻辑已修复  文件: /mnt/c/Users/Administrator/Desktop/批处理/子言AI全家桶.bat 版本
2026-05-25 08:08:01,780 [INFO] [lingzhao]   已 ack
2026-05-25 08:17:41,612 [INFO] [lingzhao] 发现 1 条待处理消息 (含崩溃恢复)
2026-05-25 08:17:41,613 [INFO] [lingzhao]   [reply] reply-agentmem-fix-20260525 来自 lingxiao: AgentMemory fix done
2026-05-25 08:17:41,628 [INFO] [lingzhao]   已 ack
2026-05-25 08:21:14,231 [INFO] [lingzhao] Mailbox Daemon v0.5 启动 (任务追踪+去重保护) — agent=lingzhao
2026-05-25 08:21:14,231 [INFO] [lingzhao]   inbox: /mnt/e/ai_tools/mail/store/inbox/lingzhao/inbox.json
2026-05-25 08:21:14,232 [INFO] [lingzhao]   ack:   /mnt/e/ai_tools/mail/store/inbox/lingzhao/ack.json
2026-05-25 08:21:14,239 [INFO] [lingzhao] 监听模式: poll (15s)
2026-05-25 08:21:14,246 [INFO] [lingzhao] 发现 1 条待处理消息 (含崩溃恢复)
2026-05-25 08:21:14,246 [INFO] [lingzhao]   [reply] reply-agentmem-fix-20260525 来自 lingxiao: ✅ AgentMemory 启动逻辑已修复  文件: /mnt/c/Users/Administrator/Desktop/批处理/子言AI全家桶.bat 版本
2026-05-25 08:21:14,281 [INFO] [lingzhao]   已 ack
2026-05-25 10:37:22,238 [INFO] [lingzhao] Mailbox Daemon v0.5 启动 (任务追踪+去重保护) — agent=lingzhao
2026-05-25 10:37:22,239 [INFO] [lingzhao]   inbox: /mnt/e/ai_tools/mail/store/inbox/lingzhao/inbox.json
2026-05-25 10:37:22,241 [INFO] [lingzhao]   ack:   /mnt/e/ai_tools/mail/store/inbox/lingzhao/ack.json
2026-05-25 10:37:22,253 [INFO] [lingzhao] 监听模式: poll (15s)
2026-05-25 10:37:22,278 [INFO] [lingzhao] 发现 1 条待处理消息 (含崩溃恢复)
2026-05-25 10:37:22,279 [INFO] [lingzhao]   [reply] reply-agentmem-fix-20260525 来自 lingxiao: ✅ AgentMemory 启动逻辑已修复  文件: /mnt/c/Users/Administrator/Desktop/批处理/子言AI全家桶.bat 版本
2026-05-25 10:37:22,324 [INFO] [lingzhao]   已 ack
2026-05-25 10:37:46,402 [INFO] [lingzhao] Mailbox Daemon v0.5 启动 (任务追踪+去重保护) — agent=lingzhao
2026-05-25 10:37:46,403 [INFO] [lingzhao]   inbox: /mnt/e/ai_tools/mail/store/inbox/lingzhao/inbox.json
2026-05-25 10:37:46,403 [INFO] [lingzhao]   ack:   /mnt/e/ai_tools/mail/store/inbox/lingzhao/ack.json
2026-05-25 10:37:46,409 [INFO] [lingzhao] 监听模式: poll (15s)
2026-05-25 10:38:27,463 [INFO] [lingzhao] Mailbox Daemon v0.5 启动 (任务追踪+去重保护) — agent=lingzhao
2026-05-25 10:38:27,464 [INFO] [lingzhao]   inbox: /mnt/e/ai_tools/mail/store/inbox/lingzhao/inbox.json
2026-05-25 10:38:27,464 [INFO] [lingzhao]   ack:   /mnt/e/ai_tools/mail/store/inbox/lingzhao/ack.json
2026-05-25 10:38:27,469 [INFO] [lingzhao] 监听模式: poll (15s)
2026-05-25 10:40:23,170 [INFO] [lingzhao] Mailbox Daemon v0.5 启动 (任务追踪+去重保护) — agent=lingzhao
2026-05-25 10:40:23,171 [INFO] [lingzhao]   inbox: /mnt/e/ai_tools/mail/store/inbox/lingzhao/inbox.json
2026-05-25 10:40:23,172 [INFO] [lingzhao]   ack:   /mnt/e/ai_tools/mail/store/inbox/lingzhao/ack.json
2026-05-25 10:40:23,187 [INFO] [lingzhao] 监听模式: poll (15s)
2026-05-25 10:42:17,198 [INFO] [lingzhao] Mailbox Daemon v0.5 启动 (任务追踪+去重保护) — agent=lingzhao
2026-05-25 10:42:17,199 [INFO] [lingzhao]   inbox: /mnt/e/ai_tools/mail/store/inbox/lingzhao/inbox.json
2026-05-25 10:42:17,202 [INFO] [lingzhao]   ack:   /mnt/e/ai_tools/mail/store/inbox/lingzhao/ack.json
2026-05-25 10:42:17,236 [INFO] [lingzhao] 监听模式: poll (15s)
2026-05-25 10:42:17,273 [INFO] [lingzhao] 发现 1 条待处理消息 (含崩溃恢复)
2026-05-25 10:42:17,273 [INFO] [lingzhao]   [reply] reply-agentmem-fix-20260525 来自 lingxiao: ✅ AgentMemory 启动逻辑已修复  文件: /mnt/c/Users/Administrator/Desktop/批处理/子言AI全家桶.bat 版本
2026-05-25 10:42:17,328 [INFO] [lingzhao]   已 ack
2026-05-25 10:44:05,760 [INFO] [lingzhao] Mailbox Daemon v0.5 启动 (任务追踪+去重保护) — agent=lingzhao
2026-05-25 10:44:05,762 [INFO] [lingzhao]   inbox: /mnt/e/ai_tools/mail/store/inbox/lingzhao/inbox.json
2026-05-25 10:44:05,762 [INFO] [lingzhao]   ack:   /mnt/e/ai_tools/mail/store/inbox/lingzhao/ack.json
2026-05-25 10:44:05,778 [INFO] [lingzhao] 监听模式: poll (15s)
2026-05-25 10:44:05,804 [INFO] [lingzhao] 发现 1 条待处理消息 (含崩溃恢复)
2026-05-25 10:44:05,805 [INFO] [lingzhao]   [reply] reply-agentmem-fix-20260525 来自 lingxiao: ✅ AgentMemory 启动逻辑已修复  文件: /mnt/c/Users/Administrator/Desktop/批处理/子言AI全家桶.bat 版本
2026-05-25 10:44:05,900 [INFO] [lingzhao]   已 ack, 继续处理 msg_type=reply
2026-05-25 10:44:05,901 [INFO] [lingzhao]   agent_entries 数量: 1
2026-05-25 10:44:05,902 [INFO] [lingzhao]   准备唤醒 agent...
2026-05-25 10:57:06,531 [INFO] [lingzhao] Mailbox Daemon v0.5 启动 (任务追踪+去重保护) — agent=lingzhao
2026-05-25 10:57:06,532 [INFO] [lingzhao]   inbox: /mnt/e/ai_tools/mail/store/inbox/lingzhao/inbox.json
2026-05-25 10:57:06,534 [INFO] [lingzhao]   ack:   /mnt/e/ai_tools/mail/store/inbox/lingzhao/ack.json
2026-05-25 10:57:06,552 [INFO] [lingzhao] 监听模式: poll (15s)
2026-05-25 10:57:06,576 [INFO] [lingzhao] 发现 1 条待处理消息 (含崩溃恢复)
2026-05-25 10:57:06,577 [INFO] [lingzhao]   [reply] reply-agentmem-fix-20260525 来自 lingxiao: ✅ AgentMemory 启动逻辑已修复  文件: /mnt/c/Users/Administrator/Desktop/批处理/子言AI全家桶.bat 版本
2026-05-25 10:57:06,687 [INFO] [lingzhao]   已 ack, 继续处理 msg_type=reply
2026-05-25 10:57:06,688 [INFO] [lingzhao]   agent_entries 数量: 1
2026-05-25 10:57:06,689 [INFO] [lingzhao]   准备唤醒 agent...
2026-05-25 10:57:06,879 [INFO] [lingzhao]   任务已创建: reply-agentmem-fix-20260525
2026-05-25 10:57:06,961 [INFO] [lingzhao]   CLI: export HERMES_HOME=${HERMES_HOME:-/mnt/e/hermes-data/.hermes} && /mnt/e/hermes-data/.hermes/hermes-agent/venv/bin/hermes chat -q '你有新的任务消息: ✅ AgentMem...（1 条消息）
2026-05-25 10:57:06,980 [INFO] [lingzhao]   agent 已唤醒 (PID: 14557, 消息数: 1)
2026-05-25 10:57:06,981 [INFO] [lingzhao]   _trigger_agent_batch 完成
2026-05-25 11:04:02,748 [INFO] [lingzhao]   agent 进程完成 (PID: 14557, 耗时: 416s, 返回码: 0)
2026-05-25 11:04:02,763 [INFO] [lingzhao]   回执已发送至 lingxiao (原始消息: reply-agentmem-fix-20260525)
2026-05-25 22:31:26,589 [INFO] [lingzhao] Mailbox Daemon v0.5 启动 (任务追踪+去重保护) — agent=lingzhao
2026-05-25 22:31:26,591 [INFO] [lingzhao]   inbox: /mnt/e/ai_tools/mail/store/inbox/lingzhao/inbox.json
2026-05-25 22:31:26,593 [INFO] [lingzhao]   ack:   /mnt/e/ai_tools/mail/store/inbox/lingzhao/ack.json
2026-05-25 22:31:26,607 [INFO] [lingzhao] 监听模式: poll (15s)
2026-05-25 22:33:32,141 [INFO] [lingzhao] 发现 1 条待处理消息 (含崩溃恢复)
2026-05-25 22:33:32,144 [INFO] [lingzhao]   [notice] lingxiao-notify-fix-20260525 来自 : 【灵霄·系统故障修复报告】  我刚完成一轮全链路排查和修复：  🐛 问题1: question-lingzhao-xiaoqi.json JSON损坏   字符
2026-05-25 22:33:32,226 [INFO] [lingzhao]   已 ack
2026-05-25 22:33:32,227 [INFO] [lingzhao]   无需唤醒 (type=notice)
2026-05-25 22:36:27,909 [INFO] [lingzhao] 发现 1 条待处理消息 (含崩溃恢复)
2026-05-25 22:36:27,931 [INFO] [lingzhao]   [task] lingxiao-fix-report-20260525 来自 : 【灵霄·系统故障修复报告】请阅后回复  我刚完成一轮全链路排查和修复，概要如下：  🐛 问题1: question-lingzhao-xiaoqi.json J
2026-05-25 22:36:28,017 [INFO] [lingzhao]   已 ack
2026-05-25 22:36:28,110 [INFO] [lingzhao]   任务已创建: lingxiao-fix-report-20260525
2026-05-25 22:36:28,175 [INFO] [lingzhao]   CLI: export HERMES_HOME=${HERMES_HOME:-/mnt/e/hermes-data/.hermes} && /mnt/e/hermes-data/.hermes/hermes-agent/venv/bin/hermes chat -q '你有新的任务消息: 【灵霄·系统故障修复...（1 条消息）
2026-05-25 22:36:28,212 [INFO] [lingzhao]   agent 已唤醒 (PID: 8983, 消息数: 1)
2026-05-25 22:40:21,103 [INFO] [lingzhao] Mailbox Daemon 已停止
2026-05-25 22:40:46,492 [INFO] [lingzhao] Mailbox Daemon v0.5 启动 (任务追踪+去重保护) — agent=lingzhao
2026-05-25 22:40:46,494 [INFO] [lingzhao]   inbox: /mnt/e/ai_tools/mail/store/inbox/lingzhao/inbox.json
2026-05-25 22:40:46,497 [INFO] [lingzhao]   ack:   /mnt/e/ai_tools/mail/store/inbox/lingzhao/ack.json
2026-05-25 22:40:46,513 [INFO] [lingzhao] 监听模式: poll (15s)
2026-05-25 22:40:46,525 [INFO] [lingzhao]   孤儿进程已清理 (PID: 8985)
