2026-05-25 00:33:00,792 [INFO] [lingxi] Mailbox Daemon v0.2 启动 — agent=lingxi
2026-05-25 00:33:00,793 [INFO] [lingxi]   inbox: /mnt/e/ai_tools/mail/store/inbox/lingxi/inbox.json
2026-05-25 00:33:00,793 [INFO] [lingxi]   ack:   /mnt/e/ai_tools/mail/store/inbox/lingxi/ack.json
2026-05-25 00:33:00,796 [INFO] [lingxi] 监听模式: poll (5s)
2026-05-25 00:33:05,837 [ERROR] [lingxi] 循环异常: [Errno 2] No such file or directory: '/mnt/e/ai_tools/mail/store/heartbeat.json.tmp' -> '/mnt/e/ai_tools/mail/store/heartbeat.json'
Traceback (most recent call last):
  File "/mnt/e/ai_tools/mail/mailbox-daemon.py", line 121, in start
    self._heartbeat_tick()
    ~~~~~~~~~~~~~~~~~~~~^^
  File "/mnt/e/ai_tools/mail/mailbox-daemon.py", line 363, in _heartbeat_tick
    write_json(self.hb_path, hb)
    ~~~~~~~~~~^^^^^^^^^^^^^^^^^^
  File "/mnt/e/ai_tools/mail/mailbox-daemon.py", line 25, in write_json
    os.replace(tmp, path)
    ~~~~~~~~~~^^^^^^^^^^^
FileNotFoundError: [Errno 2] No such file or directory: '/mnt/e/ai_tools/mail/store/heartbeat.json.tmp' -> '/mnt/e/ai_tools/mail/store/heartbeat.json'
2026-05-25 00:34:05,949 [ERROR] [lingxi] 循环异常: [Errno 2] No such file or directory: '/mnt/e/ai_tools/mail/store/heartbeat.json.tmp' -> '/mnt/e/ai_tools/mail/store/heartbeat.json'
Traceback (most recent call last):
  File "/mnt/e/ai_tools/mail/mailbox-daemon.py", line 121, in start
    self._heartbeat_tick()
    ~~~~~~~~~~~~~~~~~~~~^^
  File "/mnt/e/ai_tools/mail/mailbox-daemon.py", line 363, in _heartbeat_tick
    write_json(self.hb_path, hb)
    ~~~~~~~~~~^^^^^^^^^^^^^^^^^^
  File "/mnt/e/ai_tools/mail/mailbox-daemon.py", line 25, in write_json
    os.replace(tmp, path)
    ~~~~~~~~~~^^^^^^^^^^^
FileNotFoundError: [Errno 2] No such file or directory: '/mnt/e/ai_tools/mail/store/heartbeat.json.tmp' -> '/mnt/e/ai_tools/mail/store/heartbeat.json'
2026-05-25 00:35:06,014 [ERROR] [lingxi] 循环异常: [Errno 2] No such file or directory: '/mnt/e/ai_tools/mail/store/heartbeat.json.tmp' -> '/mnt/e/ai_tools/mail/store/heartbeat.json'
Traceback (most recent call last):
  File "/mnt/e/ai_tools/mail/mailbox-daemon.py", line 121, in start
    self._heartbeat_tick()
    ~~~~~~~~~~~~~~~~~~~~^^
  File "/mnt/e/ai_tools/mail/mailbox-daemon.py", line 363, in _heartbeat_tick
    write_json(self.hb_path, hb)
    ~~~~~~~~~~^^^^^^^^^^^^^^^^^^
  File "/mnt/e/ai_tools/mail/mailbox-daemon.py", line 25, in write_json
    os.replace(tmp, path)
    ~~~~~~~~~~^^^^^^^^^^^
FileNotFoundError: [Errno 2] No such file or directory: '/mnt/e/ai_tools/mail/store/heartbeat.json.tmp' -> '/mnt/e/ai_tools/mail/store/heartbeat.json'
2026-05-25 00:37:06,167 [ERROR] [lingxi] 循环异常: [Errno 2] No such file or directory: '/mnt/e/ai_tools/mail/store/heartbeat.json.tmp' -> '/mnt/e/ai_tools/mail/store/heartbeat.json'
Traceback (most recent call last):
  File "/mnt/e/ai_tools/mail/mailbox-daemon.py", line 121, in start
    self._watcher = FileWatcher(self.inbox_path)
                ^^^^^^^^^^^^^^^^^^^^^^
  File "/mnt/e/ai_tools/mail/mailbox-daemon.py", line 363, in _heartbeat_tick
    return
  File "/mnt/e/ai_tools/mail/mailbox-daemon.py", line 25, in write_json
    with os.fdopen(fd, "w") as f:
    ^^^^^^^^^^^^^^^^^
FileNotFoundError: [Errno 2] No such file or directory: '/mnt/e/ai_tools/mail/store/heartbeat.json.tmp' -> '/mnt/e/ai_tools/mail/store/heartbeat.json'
2026-05-25 00:39:06,310 [ERROR] [lingxi] 循环异常: [Errno 2] No such file or directory: '/mnt/e/ai_tools/mail/store/heartbeat.json.tmp' -> '/mnt/e/ai_tools/mail/store/heartbeat.json'
Traceback (most recent call last):
  File "/mnt/e/ai_tools/mail/mailbox-daemon.py", line 121, in start
    signal.signal(signal.SIGINT, lambda *_: setattr(self, '_running', False))
                ^^^^^^^^^^^^^^^^^^^^^^
  File "/mnt/e/ai_tools/mail/mailbox-daemon.py", line 363, in _heartbeat_tick
    ts = datetime.now(timezone.utc).isoformat()
    ^^^^^^^^^^^^^^^^^^^^^^^^^^^^
  File "/mnt/e/ai_tools/mail/mailbox-daemon.py", line 25, in write_json
    f.flush()
    ~~~~~~~^^
FileNotFoundError: [Errno 2] No such file or directory: '/mnt/e/ai_tools/mail/store/heartbeat.json.tmp' -> '/mnt/e/ai_tools/mail/store/heartbeat.json'
2026-05-25 00:40:06,374 [ERROR] [lingxi] 循环异常: [Errno 2] No such file or directory: '/mnt/e/ai_tools/mail/store/heartbeat.json.tmp' -> '/mnt/e/ai_tools/mail/store/heartbeat.json'
Traceback (most recent call last):
  File "/mnt/e/ai_tools/mail/mailbox-daemon.py", line 121, in start
    signal.signal(signal.SIGINT, lambda *_: setattr(self, '_running', False))
                ^^^^^^^^^^^^^^^^^^^^^^
  File "/mnt/e/ai_tools/mail/mailbox-daemon.py", line 363, in _heartbeat_tick
    ts = datetime.now(timezone.utc).isoformat()
    ^^^^^^^^^^^^^^^^^^^^^^^^^^^^
  File "/mnt/e/ai_tools/mail/mailbox-daemon.py", line 25, in write_json
    f.flush()
    ~~~~~~~^^
FileNotFoundError: [Errno 2] No such file or directory: '/mnt/e/ai_tools/mail/store/heartbeat.json.tmp' -> '/mnt/e/ai_tools/mail/store/heartbeat.json'
2026-05-25 00:40:56,396 [INFO] [lingxi] Mailbox Daemon 已停止
2026-05-25 00:40:57,642 [INFO] [lingxi] Mailbox Daemon v0.2 启动 — agent=lingxi
2026-05-25 00:40:57,643 [INFO] [lingxi]   inbox: /mnt/e/ai_tools/mail/store/inbox/lingxi/inbox.json
2026-05-25 00:40:57,644 [INFO] [lingxi]   ack:   /mnt/e/ai_tools/mail/store/inbox/lingxi/ack.json
2026-05-25 00:40:57,649 [INFO] [lingxi] 监听模式: poll (5s)
2026-05-25 00:44:48,261 [INFO] [lingxi] Mailbox Daemon 已停止
2026-05-25 00:44:51,011 [INFO] [lingxi] Mailbox Daemon v0.2 启动 — agent=lingxi
2026-05-25 00:44:51,013 [INFO] [lingxi]   inbox: /mnt/e/ai_tools/mail/store/inbox/lingxi/inbox.json
2026-05-25 00:44:51,016 [INFO] [lingxi]   ack:   /mnt/e/ai_tools/mail/store/inbox/lingxi/ack.json
2026-05-25 00:44:51,033 [INFO] [lingxi] 监听模式: poll (5s)
2026-05-25 01:17:19,177 [INFO] [lingxi] 发现 1 条待处理消息
2026-05-25 01:17:19,178 [INFO] [lingxi]   [task] msg-20260525-lingxi-research-agentmem 来自 lingzhao: 灵犀，帮我做个调研。  目标：对比 TencentDB for Agent Memory（腾讯云的 Agent 记忆存储方案）和我们当前用的 AgentMemo
2026-05-25 01:17:19,211 [INFO] [lingxi]   已 ack
2026-05-25 01:17:19,212 [INFO] [lingxi]   唤醒 agent (type=task)
2026-05-25 01:17:19,215 [INFO] [lingxi]   CLI: export HERMES_HOME=${HERMES_HOME:-/mnt/e/hermes-data/.hermes} && /mnt/e/hermes-data/.hermes/hermes-agent/venv/bin/hermes chat -q '你有新的任务消息: 灵犀，帮我做个调研。...
2026-05-25 01:17:19,228 [INFO] [lingxi]   agent 已唤醒 (PID: 26752)
2026-05-25 01:18:09,300 [INFO] [lingxi] Mailbox Daemon 已停止
2026-05-25 01:18:10,757 [INFO] [lingxi] Mailbox Daemon v0.4 启动 (风险修复: write_json容错 + reply去唤醒) — agent=lingxi
2026-05-25 01:18:10,758 [INFO] [lingxi]   inbox: /mnt/e/ai_tools/mail/store/inbox/lingxi/inbox.json
2026-05-25 01:18:10,760 [INFO] [lingxi]   ack:   /mnt/e/ai_tools/mail/store/inbox/lingxi/ack.json
2026-05-25 01:18:10,767 [INFO] [lingxi] 监听模式: poll (5s)
2026-05-25 01:41:04,879 [INFO] [lingxi] Mailbox Daemon v0.4 启动 (风险修复: write_json容错 + reply去唤醒) — agent=lingxi
2026-05-25 01:41:04,880 [INFO] [lingxi]   inbox: /mnt/e/ai_tools/mail/store/inbox/lingxi/inbox.json
2026-05-25 01:41:04,880 [INFO] [lingxi]   ack:   /mnt/e/ai_tools/mail/store/inbox/lingxi/ack.json
2026-05-25 01:41:04,882 [INFO] [lingxi] 监听模式: poll (15s)
2026-05-25 01:44:15,114 [INFO] [lingxi] 发现 1 条待处理消息
2026-05-25 01:44:15,114 [INFO] [lingxi]   [reply] done-lingxi-recommend-tencentdb-20260525-1779644650 来自 yige: ✅ 任务完成回执 原始消息: lingxi-recommend-tencentdb-20260525 处理 agent: yige 状态: 完成  输出摘要: 
2026-05-25 01:44:15,136 [INFO] [lingxi]   已 ack
2026-05-25 01:44:15,137 [INFO] [lingxi]   完成回执，无需再唤醒 agent，标记 done
2026-05-25 01:44:55,186 [INFO] [lingxi] Mailbox Daemon 已停止
2026-05-25 01:44:58,518 [INFO] [lingxi] Mailbox Daemon v0.4 启动 (风险修复: write_json容错 + reply去唤醒) — agent=lingxi
2026-05-25 01:44:58,524 [INFO] [lingxi]   inbox: /mnt/e/ai_tools/mail/store/inbox/lingxi/inbox.json
2026-05-25 01:44:58,525 [INFO] [lingxi]   ack:   /mnt/e/ai_tools/mail/store/inbox/lingxi/ack.json
2026-05-25 01:44:58,539 [INFO] [lingxi] 监听模式: poll (15s)
2026-05-25 01:44:58,570 [INFO] [lingxi] 发现 2 条待处理消息 (含崩溃恢复)
2026-05-25 01:44:58,571 [INFO] [lingxi]   [notice] lingxi-mineru-poc-20260525 来自 lingxi: 
2026-05-25 01:44:58,645 [INFO] [lingxi]   已 ack
2026-05-25 01:44:58,647 [INFO] [lingxi]   唤醒 agent (type=notice)
2026-05-25 01:44:58,867 [INFO] [lingxi]   任务已创建: lingxi-mineru-poc-20260525
2026-05-25 01:44:58,999 [INFO] [lingxi]   CLI: export HERMES_HOME=${HERMES_HOME:-/mnt/e/hermes-data/.hermes} && /mnt/e/hermes-data/.hermes/hermes-agent/venv/bin/hermes chat -q '你有新的任务消息: ' -Q --pro...
2026-05-25 01:44:59,032 [INFO] [lingxi]   agent 已唤醒 (PID: 3400)
2026-05-25 01:44:59,034 [INFO] [lingxi]   [reply] lingzhao-reply-mineru-20260525 来自 lingzhao: 
2026-05-25 01:44:59,112 [INFO] [lingxi]   已 ack
2026-05-25 01:44:59,114 [INFO] [lingxi]   唤醒 agent (type=reply)
2026-05-25 01:44:59,160 [INFO] [lingxi]   任务已创建: lingzhao-reply-mineru-20260525
2026-05-25 01:44:59,262 [INFO] [lingxi]   CLI: export HERMES_HOME=${HERMES_HOME:-/mnt/e/hermes-data/.hermes} && /mnt/e/hermes-data/.hermes/hermes-agent/venv/bin/hermes chat -q '你有新的任务消息: ' -Q --pro...
2026-05-25 01:44:59,281 [INFO] [lingxi]   agent 已唤醒 (PID: 3451)
2026-05-25 01:45:49,517 [INFO] [lingxi] 发现 1 条待处理消息 (含崩溃恢复)
2026-05-25 01:45:49,531 [INFO] [lingxi]   [reply] lingzhao-reply-agentmem-20260525 来自 lingzhao: 灵犀，调研结果收到了，很详细的对比分析。  几点反馈：  1️⃣ 结论我完全同意。Hermes 原生 memory + session_search + ski
2026-05-25 01:45:49,604 [INFO] [lingxi]   已 ack
2026-05-25 01:45:49,605 [INFO] [lingxi]   唤醒 agent (type=reply)
2026-05-25 01:45:49,631 [INFO] [lingxi]   任务已创建: lingzhao-reply-agentmem-20260525
2026-05-25 01:45:49,679 [INFO] [lingxi]   CLI: export HERMES_HOME=${HERMES_HOME:-/mnt/e/hermes-data/.hermes} && /mnt/e/hermes-data/.hermes/hermes-agent/venv/bin/hermes chat -q '你有新的任务消息: 灵犀，调研结果收到了...
2026-05-25 01:45:49,711 [INFO] [lingxi]   agent 已唤醒 (PID: 7237)
2026-05-25 01:45:54,727 [INFO] [lingxi] 发现 2 条待处理消息 (含崩溃恢复)
2026-05-25 01:45:54,728 [INFO] [lingxi]   [reply] done-reply-lingxi-security-v1-20260522125949-1779644749 来自 yige: ✅ 任务完成回执 原始消息: reply-lingxi-security-v1-20260522125949 处理 agent: yige 状态: 异常退出(c
2026-05-25 01:45:54,781 [INFO] [lingxi]   已 ack
2026-05-25 01:45:54,782 [INFO] [lingxi]   完成回执，无需再唤醒 agent，标记 done
2026-05-25 01:45:54,812 [INFO] [lingxi]   [reply] done-reply-lingxi-security-v1-20260522125949-1779644750 来自 yige: ✅ 任务完成回执 原始消息: reply-lingxi-security-v1-20260522125949 处理 agent: yige 状态: 异常退出(c
2026-05-25 01:45:54,862 [INFO] [lingxi]   已 ack
2026-05-25 01:45:54,863 [INFO] [lingxi]   完成回执，无需再唤醒 agent，标记 done
2026-05-25 01:47:00,150 [INFO] [lingxi]   agent 进程完成 (PID: 3451, 耗时: 121s, 返回码: 0)
2026-05-25 01:47:00,295 [INFO] [lingxi]   回执已发送至 lingzhao (原始消息: lingzhao-reply-mineru-20260525)
2026-05-25 01:47:25,763 [INFO] [lingxi] 发现 1 条待处理消息 (含崩溃恢复)
2026-05-25 01:47:25,766 [INFO] [lingxi]   [reply] done-lingxi-fwd-agentmem-20260525-1779644841 来自 yige: ✅ 任务完成回执 原始消息: lingxi-fwd-agentmem-20260525 处理 agent: yige 状态: 完成  输出摘要: [agent/
2026-05-25 01:47:26,029 [INFO] [lingxi]   已 ack
2026-05-25 01:47:26,032 [INFO] [lingxi]   完成回执，无需再唤醒 agent，标记 done
2026-05-25 01:47:46,322 [INFO] [lingxi] 发现 1 条待处理消息 (含崩溃恢复)
2026-05-25 01:47:46,324 [INFO] [lingxi]   [reply] done-lingxi-fwd-agentmem-20260525-1779644865 来自 lingxiao: ✅ 任务完成回执 原始消息: lingxi-fwd-agentmem-20260525 处理 agent: lingxiao 状态: 完成  输出摘要: 看起来
2026-05-25 01:47:46,538 [INFO] [lingxi]   已 ack
2026-05-25 01:47:46,541 [INFO] [lingxi]   完成回执，无需再唤醒 agent，标记 done
2026-05-25 01:52:17,258 [INFO] [lingxi]   agent 进程完成 (PID: 7237, 耗时: 388s, 返回码: 0)
2026-05-25 01:52:17,285 [INFO] [lingxi]   回执已发送至 lingzhao (原始消息: lingzhao-reply-agentmem-20260525)
2026-05-25 01:52:22,385 [INFO] [lingxi]   agent 进程完成 (PID: 3400, 耗时: 443s, 返回码: 0)
2026-05-25 01:52:22,411 [INFO] [lingxi]   回执已发送至 lingxi (原始消息: lingxi-mineru-poc-20260525)
2026-05-25 01:52:27,514 [INFO] [lingxi] 发现 1 条待处理消息 (含崩溃恢复)
2026-05-25 01:52:27,514 [INFO] [lingxi]   [reply] done-lingxi-mineru-poc-20260525-1779645142 来自 lingxi: ✅ 任务完成回执 原始消息: lingxi-mineru-poc-20260525 处理 agent: lingxi 状态: 完成  输出摘要: ┊ revie
2026-05-25 01:52:27,556 [INFO] [lingxi]   已 ack
2026-05-25 01:52:27,557 [INFO] [lingxi]   完成回执，无需再唤醒 agent，标记 done
2026-05-25 02:11:38,939 [INFO] [lingxi] Mailbox Daemon 已停止
2026-05-25 02:11:44,647 [INFO] [lingxi] Mailbox Daemon v0.4 启动 (风险修复: write_json容错 + reply去唤醒) — agent=lingxi
2026-05-25 02:11:44,647 [INFO] [lingxi]   inbox: /mnt/e/ai_tools/mail/store/inbox/lingxi/inbox.json
2026-05-25 02:11:44,648 [INFO] [lingxi]   ack:   /mnt/e/ai_tools/mail/store/inbox/lingxi/ack.json
2026-05-25 02:11:44,652 [INFO] [lingxi] 监听模式: poll (15s)
2026-05-25 02:12:09,748 [INFO] [lingxi] 发现 1 条待处理消息 (含崩溃恢复)
2026-05-25 02:12:09,749 [INFO] [lingxi]   [reply] reply-lingxi-forward-agentmem-yige-20260525 来自 yige: 灵曦，调研报告认真看了，很清晰。说几个想法：  **关于即插即用** 你调研结论没错——OpenClaw 装插件就是一句命令的事。但「装上就用」和「用好」是两件
2026-05-25 02:12:09,771 [INFO] [lingxi]   已 ack
2026-05-25 02:12:09,786 [INFO] [lingxi]   任务已创建: reply-lingxi-forward-agentmem-yige-20260525
2026-05-25 02:12:09,803 [INFO] [lingxi]   CLI: export HERMES_HOME=${HERMES_HOME:-/mnt/e/hermes-data/.hermes} && /mnt/e/hermes-data/.hermes/hermes-agent/venv/bin/hermes chat -q '你有新的任务消息: 灵曦，调研报告认真看...（1 条消息）
2026-05-25 02:12:09,809 [INFO] [lingxi]   agent 已唤醒 (PID: 11990, 消息数: 1)
2026-05-25 02:12:21,746 [INFO] [lingxi] Mailbox Daemon v0.4 启动 (风险修复: write_json容错 + reply去唤醒) — agent=lingxi
2026-05-25 02:12:21,747 [INFO] [lingxi]   inbox: /mnt/e/ai_tools/mail/store/inbox/lingxi/inbox.json
2026-05-25 02:12:21,747 [INFO] [lingxi]   ack:   /mnt/e/ai_tools/mail/store/inbox/lingxi/ack.json
2026-05-25 02:12:21,753 [INFO] [lingxi] 监听模式: poll (15s)
2026-05-25 02:16:27,068 [INFO] [lingxi] Mailbox Daemon 已停止
2026-05-25 02:18:58,461 [INFO] [lingxi] Mailbox Daemon v0.5 启动 (任务追踪+去重保护) — agent=lingxi
2026-05-25 02:18:58,462 [INFO] [lingxi]   inbox: /mnt/e/ai_tools/mail/store/inbox/lingxi/inbox.json
2026-05-25 02:18:58,463 [INFO] [lingxi]   ack:   /mnt/e/ai_tools/mail/store/inbox/lingxi/ack.json
2026-05-25 02:18:58,471 [INFO] [lingxi] 监听模式: poll (15s)
2026-05-25 08:08:17,797 [INFO] [lingxi] Mailbox Daemon v0.5 启动 (任务追踪+去重保护) — agent=lingxi
2026-05-25 08:08:17,798 [INFO] [lingxi]   inbox: /mnt/e/ai_tools/mail/store/inbox/lingxi/inbox.json
2026-05-25 08:08:17,799 [INFO] [lingxi]   ack:   /mnt/e/ai_tools/mail/store/inbox/lingxi/ack.json
2026-05-25 08:08:17,809 [INFO] [lingxi] 监听模式: poll (15s)
2026-05-25 10:59:38,175 [INFO] [lingxi] Mailbox Daemon v0.5 启动 (任务追踪+去重保护) — agent=lingxi
2026-05-25 10:59:38,176 [INFO] [lingxi]   inbox: /mnt/e/ai_tools/mail/store/inbox/lingxi/inbox.json
2026-05-25 10:59:38,177 [INFO] [lingxi]   ack:   /mnt/e/ai_tools/mail/store/inbox/lingxi/ack.json
2026-05-25 10:59:38,187 [INFO] [lingxi] 监听模式: poll (15s)
2026-05-25 22:31:26,794 [INFO] [lingxi] Mailbox Daemon v0.5 启动 (任务追踪+去重保护) — agent=lingxi
2026-05-25 22:31:26,796 [INFO] [lingxi]   inbox: /mnt/e/ai_tools/mail/store/inbox/lingxi/inbox.json
2026-05-25 22:31:26,797 [INFO] [lingxi]   ack:   /mnt/e/ai_tools/mail/store/inbox/lingxi/ack.json
2026-05-25 22:31:26,808 [INFO] [lingxi] 监听模式: poll (15s)
2026-05-25 22:40:43,667 [INFO] [lingxi] Mailbox Daemon 已停止
2026-05-25 22:40:46,542 [INFO] [lingxi] Mailbox Daemon v0.5 启动 (任务追踪+去重保护) — agent=lingxi
2026-05-25 22:40:46,544 [INFO] [lingxi]   inbox: /mnt/e/ai_tools/mail/store/inbox/lingxi/inbox.json
2026-05-25 22:40:46,547 [INFO] [lingxi]   ack:   /mnt/e/ai_tools/mail/store/inbox/lingxi/ack.json
2026-05-25 22:40:46,560 [INFO] [lingxi] 监听模式: poll (15s)
