2026-05-25 00:44:50,999 [INFO] [dali] Mailbox Daemon v0.2 启动 — agent=dali
2026-05-25 00:44:51,002 [INFO] [dali]   inbox: /mnt/e/ai_tools/mail/store/inbox/dali/inbox.json
2026-05-25 00:44:51,004 [INFO] [dali]   ack:   /mnt/e/ai_tools/mail/store/inbox/dali/ack.json
2026-05-25 00:44:51,022 [INFO] [dali] 监听模式: poll (5s)
2026-05-25 01:08:28,249 [INFO] [dali] 发现 1 条待处理消息
2026-05-25 01:08:28,250 [INFO] [dali]   [task] msg-20260525-dali-daemon-trial 来自 lingzhao: 大力，mailbox-daemon 已经到 v0.4 了，灵霄那边自测和共测都通过了。现在想请你试用一下。  你只需要在终端跑一条命令：    python3 
2026-05-25 01:08:28,273 [INFO] [dali]   已 ack
2026-05-25 01:08:28,273 [INFO] [dali]   唤醒 agent (type=task)
2026-05-25 01:08:28,275 [INFO] [dali]   CLI: cd /mnt/e/ai_tools/opencode && opencode run '你有新的任务消息: 大力，mailbox-daemon 已经到 v0.4 了，灵霄那边自测和共测都通过了。现在想请你试用一下。 你只需要在终端跑一条命令： python3 ' --dangerously-ski...
2026-05-25 01:08:28,282 [INFO] [dali]   agent 已唤醒 (PID: 25247)
2026-05-25 01:08:33,288 [INFO] [dali]   agent 进程完成 (PID: 25247, 耗时: 5s, 返回码: 0)
2026-05-25 01:08:33,299 [INFO] [dali]   回执已发送至 lingzhao (原始消息: msg-20260525-dali-daemon-trial)
2026-05-25 01:09:08,338 [INFO] [dali] 发现 1 条待处理消息
2026-05-25 01:09:08,338 [INFO] [dali]   [task] lingzhao-welcome-dali-trial-20260525 来自 lingzhao: 【灵昭】大力，欢迎加入 mailbus 试用！  请确认你的 mailbox-daemon 运行正常（已经在跑了 ✓）。 这是一条测试消息，确认收到后你的 da
2026-05-25 01:09:08,356 [INFO] [dali]   已 ack
2026-05-25 01:09:08,356 [INFO] [dali]   唤醒 agent (type=task)
2026-05-25 01:09:08,358 [INFO] [dali]   CLI: cd /mnt/e/ai_tools/opencode && opencode run '你有新的任务消息: 【灵昭】大力，欢迎加入 mailbus 试用！ 请确认你的 mailbox-daemon 运行正常（已经在跑了 ✓）。 这是一条测试消息，确认收到后你的 da' --dangerously-...
2026-05-25 01:09:08,366 [INFO] [dali]   agent 已唤醒 (PID: 25674)
2026-05-25 01:09:18,373 [INFO] [dali]   agent 进程完成 (PID: 25674, 耗时: 10s, 返回码: 0)
2026-05-25 01:09:18,383 [INFO] [dali]   回执已发送至 lingzhao (原始消息: lingzhao-welcome-dali-trial-20260525)
