2026-05-25 00:13:45,658 [INFO] [lingxiao] Mailbox Daemon 启动 — agent=lingxiao
2026-05-25 00:13:45,659 [INFO] [lingxiao]   inbox: /mnt/e/ai_tools/mail/store/inbox/lingxiao/inbox.json
2026-05-25 00:13:45,659 [INFO] [lingxiao]   ack:   /mnt/e/ai_tools/mail/store/inbox/lingxiao/ack.json
2026-05-25 00:13:45,662 [INFO] [lingxiao] 监听模式: poll (5秒轮询)
2026-05-25 00:13:50,675 [INFO] [lingxiao] Mailbox Daemon 已停止
2026-05-25 00:14:43,020 [INFO] [lingxiao] Mailbox Daemon 启动 — agent=lingxiao
2026-05-25 00:14:43,020 [INFO] [lingxiao]   inbox: /mnt/e/ai_tools/mail/store/inbox/lingxiao/inbox.json
2026-05-25 00:14:43,020 [INFO] [lingxiao]   ack:   /mnt/e/ai_tools/mail/store/inbox/lingxiao/ack.json
2026-05-25 00:14:43,023 [INFO] [lingxiao] 监听模式: poll (5秒轮询)
2026-05-25 00:15:14,655 [INFO] [lingxiao] Mailbox Daemon 启动 — agent=lingxiao
2026-05-25 00:15:14,656 [INFO] [lingxiao]   inbox: /mnt/e/ai_tools/mail/store/inbox/lingxiao/inbox.json
2026-05-25 00:15:14,656 [INFO] [lingxiao]   ack:   /mnt/e/ai_tools/mail/store/inbox/lingxiao/ack.json
2026-05-25 00:15:14,659 [INFO] [lingxiao] 监听模式: poll (5秒轮询)
2026-05-25 00:16:05,664 [INFO] [lingxiao] Mailbox Daemon 启动 — agent=lingxiao
2026-05-25 00:16:05,664 [INFO] [lingxiao]   inbox: /mnt/e/ai_tools/mail/store/inbox/lingxiao/inbox.json
2026-05-25 00:16:05,665 [INFO] [lingxiao]   ack:   /mnt/e/ai_tools/mail/store/inbox/lingxiao/ack.json
2026-05-25 00:16:05,667 [INFO] [lingxiao] 监听模式: poll (5秒轮询)
2026-05-25 00:16:56,449 [INFO] [lingxiao] Mailbox Daemon 启动 — agent=lingxiao
2026-05-25 00:16:56,449 [INFO] [lingxiao]   inbox: /mnt/e/ai_tools/mail/store/inbox/lingxiao/inbox.json
2026-05-25 00:16:56,450 [INFO] [lingxiao]   ack:   /mnt/e/ai_tools/mail/store/inbox/lingxiao/ack.json
2026-05-25 00:16:56,453 [INFO] [lingxiao] 监听模式: poll (5秒轮询)
2026-05-25 00:17:06,468 [INFO] [lingxiao] Mailbox Daemon 已停止
2026-05-25 00:17:18,909 [INFO] [lingxiao] Mailbox Daemon 启动 — agent=lingxiao
2026-05-25 00:17:18,909 [INFO] [lingxiao]   inbox: /mnt/e/ai_tools/mail/store/inbox/lingxiao/inbox.json
2026-05-25 00:17:18,909 [INFO] [lingxiao]   ack:   /mnt/e/ai_tools/mail/store/inbox/lingxiao/ack.json
2026-05-25 00:17:18,912 [INFO] [lingxiao] 监听模式: poll (5秒轮询)
2026-05-25 00:17:18,915 [INFO] [lingxiao] 发现 1 条待处理消息
2026-05-25 00:17:18,916 [INFO] [lingxiao]   [notice] test-daemon-001 来自 lingzhao: 【Daemon测试】这是一条测试消息，请确认收到了。
2026-05-25 00:17:18,937 [INFO] [lingxiao]   ack 完成
2026-05-25 00:17:18,937 [INFO] [lingxiao]   无需唤醒 (type=notice)
2026-05-25 00:17:28,949 [INFO] [lingxiao] Mailbox Daemon 已停止
2026-05-25 00:20:07,380 [INFO] [lingxiao] Mailbox Daemon v0.2 启动 — agent=lingxiao
2026-05-25 00:20:07,380 [INFO] [lingxiao]   inbox: /mnt/e/ai_tools/mail/store/inbox/lingxiao/inbox.json
2026-05-25 00:20:07,380 [INFO] [lingxiao]   ack:   /mnt/e/ai_tools/mail/store/inbox/lingxiao/ack.json
2026-05-25 00:20:07,383 [INFO] [lingxiao] 监听模式: poll (5s)
2026-05-25 00:20:17,399 [INFO] [lingxiao] Mailbox Daemon 已停止
2026-05-25 00:20:26,045 [INFO] [lingxiao] Mailbox Daemon v0.2 启动 — agent=lingxiao
2026-05-25 00:20:26,046 [INFO] [lingxiao]   inbox: /mnt/e/ai_tools/mail/store/inbox/lingxiao/inbox.json
2026-05-25 00:20:26,048 [INFO] [lingxiao]   ack:   /mnt/e/ai_tools/mail/store/inbox/lingxiao/ack.json
2026-05-25 00:20:26,057 [INFO] [lingxiao] 监听模式: poll (5s)
2026-05-25 00:20:26,064 [INFO] [lingxiao] 发现 2 条待处理消息
2026-05-25 00:20:26,064 [INFO] [lingxiao]   [notice] test-notice-001 来自 lingzhao: 【测试-通知】系统维护通知：今晚 2:00-3:00 例行维护。
2026-05-25 00:20:26,086 [INFO] [lingxiao]   已 ack
2026-05-25 00:20:26,087 [INFO] [lingxiao]   无需唤醒 (type=notice)
2026-05-25 00:20:26,108 [INFO] [lingxiao]   [task] test-task-001 来自 lingzhao: 【测试-任务】请检查一下 /tmp 目录的磁盘占用情况。
2026-05-25 00:20:26,129 [INFO] [lingxiao]   已 ack
2026-05-25 00:20:26,129 [INFO] [lingxiao]   唤醒 agent (type=task)
2026-05-25 00:20:26,134 [INFO] [lingxiao]   CLI: cline '你有新的任务消息: 【测试-任务】请检查一下 /tmp 目录的磁盘占用情况。' --timeout 120...
2026-05-25 00:20:26,136 [INFO] [lingxiao]   agent 已唤醒 (PID: 8960)
2026-05-25 00:20:31,141 [INFO] [lingxiao] 发现 2 条待处理消息
2026-05-25 00:20:31,141 [INFO] [lingxiao]   [notice] test-notice-001 来自 lingzhao: 【测试-通知】系统维护通知：今晚 2:00-3:00 例行维护。
2026-05-25 00:20:31,144 [INFO] [lingxiao]   已 ack
2026-05-25 00:20:31,144 [INFO] [lingxiao]   无需唤醒 (type=notice)
2026-05-25 00:20:31,154 [INFO] [lingxiao]   [task] test-task-001 来自 lingzhao: 【测试-任务】请检查一下 /tmp 目录的磁盘占用情况。
2026-05-25 00:20:31,156 [INFO] [lingxiao]   已 ack
2026-05-25 00:20:31,156 [INFO] [lingxiao]   唤醒 agent (type=task)
2026-05-25 00:20:31,158 [INFO] [lingxiao]   CLI: cline '你有新的任务消息: 【测试-任务】请检查一下 /tmp 目录的磁盘占用情况。' --timeout 120...
2026-05-25 00:20:31,159 [INFO] [lingxiao]   agent 已唤醒 (PID: 9045)
2026-05-25 00:20:36,180 [INFO] [lingxiao] 发现 2 条待处理消息
2026-05-25 00:20:36,180 [INFO] [lingxiao]   [notice] test-notice-001 来自 lingzhao: 【测试-通知】系统维护通知：今晚 2:00-3:00 例行维护。
2026-05-25 00:20:36,183 [INFO] [lingxiao]   已 ack
2026-05-25 00:20:36,183 [INFO] [lingxiao]   无需唤醒 (type=notice)
2026-05-25 00:20:36,194 [INFO] [lingxiao]   [task] test-task-001 来自 lingzhao: 【测试-任务】请检查一下 /tmp 目录的磁盘占用情况。
2026-05-25 00:20:36,197 [INFO] [lingxiao]   已 ack
2026-05-25 00:20:36,197 [INFO] [lingxiao]   唤醒 agent (type=task)
2026-05-25 00:20:36,199 [INFO] [lingxiao]   CLI: cline '你有新的任务消息: 【测试-任务】请检查一下 /tmp 目录的磁盘占用情况。' --timeout 120...
2026-05-25 00:20:36,200 [INFO] [lingxiao]   agent 已唤醒 (PID: 9126)
2026-05-25 00:20:41,213 [INFO] [lingxiao] 发现 2 条待处理消息
2026-05-25 00:20:41,214 [INFO] [lingxiao]   [notice] test-notice-001 来自 lingzhao: 【测试-通知】系统维护通知：今晚 2:00-3:00 例行维护。
2026-05-25 00:20:41,223 [INFO] [lingxiao]   已 ack
2026-05-25 00:20:41,224 [INFO] [lingxiao]   无需唤醒 (type=notice)
2026-05-25 00:20:41,255 [INFO] [lingxiao]   [task] test-task-001 来自 lingzhao: 【测试-任务】请检查一下 /tmp 目录的磁盘占用情况。
2026-05-25 00:20:41,264 [INFO] [lingxiao]   已 ack
2026-05-25 00:20:41,265 [INFO] [lingxiao]   唤醒 agent (type=task)
2026-05-25 00:20:41,271 [INFO] [lingxiao]   CLI: cline '你有新的任务消息: 【测试-任务】请检查一下 /tmp 目录的磁盘占用情况。' --timeout 120...
2026-05-25 00:20:41,272 [INFO] [lingxiao]   agent 已唤醒 (PID: 9220)
2026-05-25 00:20:41,273 [INFO] [lingxiao]   agent 进程完成 (PID: 8960, 耗时: 15s, 返回码: 0)
2026-05-25 00:20:41,297 [INFO] [lingxiao]   回执已发送至 lingzhao (原始消息: test-task-001)
2026-05-25 00:20:41,314 [INFO] [lingxiao]   agent 进程完成 (PID: 9045, 耗时: 10s, 返回码: 0)
2026-05-25 00:20:41,336 [INFO] [lingxiao]   回执已发送至 lingzhao (原始消息: test-task-001)
2026-05-25 00:20:46,362 [INFO] [lingxiao] 发现 2 条待处理消息
2026-05-25 00:20:46,362 [INFO] [lingxiao]   [notice] test-notice-001 来自 lingzhao: 【测试-通知】系统维护通知：今晚 2:00-3:00 例行维护。
2026-05-25 00:20:46,364 [INFO] [lingxiao]   已 ack
2026-05-25 00:20:46,365 [INFO] [lingxiao]   无需唤醒 (type=notice)
2026-05-25 00:20:46,375 [INFO] [lingxiao]   [task] test-task-001 来自 lingzhao: 【测试-任务】请检查一下 /tmp 目录的磁盘占用情况。
2026-05-25 00:20:46,377 [INFO] [lingxiao]   已 ack
2026-05-25 00:20:46,378 [INFO] [lingxiao]   唤醒 agent (type=task)
2026-05-25 00:20:46,379 [INFO] [lingxiao]   CLI: cline '你有新的任务消息: 【测试-任务】请检查一下 /tmp 目录的磁盘占用情况。' --timeout 120...
2026-05-25 00:20:46,380 [INFO] [lingxiao]   agent 已唤醒 (PID: 9303)
2026-05-25 00:20:46,380 [INFO] [lingxiao]   agent 进程完成 (PID: 9126, 耗时: 10s, 返回码: 0)
2026-05-25 00:20:46,389 [INFO] [lingxiao]   回执已发送至 lingzhao (原始消息: test-task-001)
2026-05-25 00:20:46,401 [INFO] [lingxiao] Mailbox Daemon 已停止
2026-05-25 00:20:57,208 [INFO] [lingxiao] Mailbox Daemon v0.2 启动 — agent=lingxiao
2026-05-25 00:20:57,208 [INFO] [lingxiao]   inbox: /mnt/e/ai_tools/mail/store/inbox/lingxiao/inbox.json
2026-05-25 00:20:57,209 [INFO] [lingxiao]   ack:   /mnt/e/ai_tools/mail/store/inbox/lingxiao/ack.json
2026-05-25 00:20:57,220 [INFO] [lingxiao] 监听模式: poll (5s)
2026-05-25 00:20:57,232 [INFO] [lingxiao] 发现 2 条待处理消息
2026-05-25 00:20:57,232 [INFO] [lingxiao]   [notice] test-notice-001 来自 lingzhao: 【测试-通知】系统维护通知：今晚 2:00-3:00 例行维护。
2026-05-25 00:20:57,241 [INFO] [lingxiao]   已 ack
2026-05-25 00:20:57,242 [INFO] [lingxiao]   无需唤醒 (type=notice)
2026-05-25 00:20:57,263 [INFO] [lingxiao]   [task] test-task-001 来自 lingzhao: 【测试-任务】请检查一下 /tmp 目录的磁盘占用情况。
2026-05-25 00:20:57,265 [INFO] [lingxiao]   已 ack
2026-05-25 00:20:57,266 [INFO] [lingxiao]   唤醒 agent (type=task)
2026-05-25 00:20:57,267 [INFO] [lingxiao]   CLI: cline '你有新的任务消息: 【测试-任务】请检查一下 /tmp 目录的磁盘占用情况。' --timeout 120...
2026-05-25 00:20:57,268 [INFO] [lingxiao]   agent 已唤醒 (PID: 9395)
2026-05-25 00:21:02,276 [INFO] [lingxiao] 发现 2 条待处理消息
2026-05-25 00:21:02,277 [INFO] [lingxiao]   [notice] test-notice-001 来自 lingzhao: 【测试-通知】系统维护通知：今晚 2:00-3:00 例行维护。
2026-05-25 00:21:02,283 [INFO] [lingxiao]   已 ack
2026-05-25 00:21:02,283 [INFO] [lingxiao]   无需唤醒 (type=notice)
2026-05-25 00:21:02,303 [INFO] [lingxiao]   [task] test-task-001 来自 lingzhao: 【测试-任务】请检查一下 /tmp 目录的磁盘占用情况。
2026-05-25 00:21:02,308 [INFO] [lingxiao]   已 ack
2026-05-25 00:21:02,309 [INFO] [lingxiao]   唤醒 agent (type=task)
2026-05-25 00:21:02,314 [INFO] [lingxiao]   CLI: cline '你有新的任务消息: 【测试-任务】请检查一下 /tmp 目录的磁盘占用情况。' --timeout 120...
2026-05-25 00:21:02,315 [INFO] [lingxiao]   agent 已唤醒 (PID: 9477)
2026-05-25 00:21:07,332 [INFO] [lingxiao] 发现 2 条待处理消息
2026-05-25 00:21:07,332 [INFO] [lingxiao]   [notice] test-notice-001 来自 lingzhao: 【测试-通知】系统维护通知：今晚 2:00-3:00 例行维护。
2026-05-25 00:21:07,334 [INFO] [lingxiao]   已 ack
2026-05-25 00:21:07,334 [INFO] [lingxiao]   无需唤醒 (type=notice)
2026-05-25 00:21:07,346 [INFO] [lingxiao]   [task] test-task-001 来自 lingzhao: 【测试-任务】请检查一下 /tmp 目录的磁盘占用情况。
2026-05-25 00:21:07,348 [INFO] [lingxiao]   已 ack
2026-05-25 00:21:07,349 [INFO] [lingxiao]   唤醒 agent (type=task)
2026-05-25 00:21:07,350 [INFO] [lingxiao]   CLI: cline '你有新的任务消息: 【测试-任务】请检查一下 /tmp 目录的磁盘占用情况。' --timeout 120...
2026-05-25 00:21:07,351 [INFO] [lingxiao]   agent 已唤醒 (PID: 9562)
2026-05-25 00:21:07,351 [INFO] [lingxiao]   agent 进程完成 (PID: 9395, 耗时: 10s, 返回码: 0)
2026-05-25 00:21:07,371 [INFO] [lingxiao]   回执已发送至 lingzhao (原始消息: test-task-001)
2026-05-25 00:21:12,403 [INFO] [lingxiao] 发现 2 条待处理消息
2026-05-25 00:21:12,404 [INFO] [lingxiao]   [notice] test-notice-001 来自 lingzhao: 【测试-通知】系统维护通知：今晚 2:00-3:00 例行维护。
2026-05-25 00:21:12,406 [INFO] [lingxiao]   已 ack
2026-05-25 00:21:12,406 [INFO] [lingxiao]   无需唤醒 (type=notice)
2026-05-25 00:21:12,420 [INFO] [lingxiao]   [task] test-task-001 来自 lingzhao: 【测试-任务】请检查一下 /tmp 目录的磁盘占用情况。
2026-05-25 00:21:12,423 [INFO] [lingxiao]   已 ack
2026-05-25 00:21:12,423 [INFO] [lingxiao]   唤醒 agent (type=task)
2026-05-25 00:21:12,425 [INFO] [lingxiao]   CLI: cline '你有新的任务消息: 【测试-任务】请检查一下 /tmp 目录的磁盘占用情况。' --timeout 120...
2026-05-25 00:21:12,425 [INFO] [lingxiao]   agent 已唤醒 (PID: 9660)
2026-05-25 00:21:12,426 [INFO] [lingxiao]   agent 进程完成 (PID: 9477, 耗时: 10s, 返回码: 0)
2026-05-25 00:21:12,436 [INFO] [lingxiao]   回执已发送至 lingzhao (原始消息: test-task-001)
2026-05-25 00:21:12,459 [INFO] [lingxiao] Mailbox Daemon 已停止
2026-05-25 00:21:59,935 [INFO] [lingxiao] Mailbox Daemon v0.2 启动 — agent=lingxiao
2026-05-25 00:21:59,935 [INFO] [lingxiao]   inbox: /mnt/e/ai_tools/mail/store/inbox/lingxiao/inbox.json
2026-05-25 00:21:59,935 [INFO] [lingxiao]   ack:   /mnt/e/ai_tools/mail/store/inbox/lingxiao/ack.json
2026-05-25 00:21:59,938 [INFO] [lingxiao] 监听模式: poll (5s)
2026-05-25 00:21:59,944 [INFO] [lingxiao] 发现 2 条待处理消息
2026-05-25 00:21:59,944 [INFO] [lingxiao]   [notice] test-notice-final 来自 lingzhao: 【最终测试-通知】系统维护通知。
2026-05-25 00:21:59,964 [INFO] [lingxiao]   已 ack
2026-05-25 00:21:59,965 [INFO] [lingxiao]   无需唤醒 (type=notice)
2026-05-25 00:21:59,975 [INFO] [lingxiao]   [task] test-task-final 来自 lingzhao: 【最终测试-任务】请检查 /tmp 目录占用。
2026-05-25 00:21:59,995 [INFO] [lingxiao]   已 ack
2026-05-25 00:21:59,995 [INFO] [lingxiao]   唤醒 agent (type=task)
2026-05-25 00:21:59,997 [INFO] [lingxiao]   CLI: cline '你有新的任务消息: 【最终测试-任务】请检查 /tmp 目录占用。' --timeout 120...
2026-05-25 00:21:59,997 [INFO] [lingxiao]   agent 已唤醒 (PID: 9782)
2026-05-25 00:22:10,013 [INFO] [lingxiao]   agent 进程完成 (PID: 9782, 耗时: 10s, 返回码: 0)
2026-05-25 00:22:10,045 [INFO] [lingxiao]   回执已发送至 lingzhao (原始消息: test-task-final)
2026-05-25 00:22:20,098 [INFO] [lingxiao] Mailbox Daemon 已停止
2026-05-25 00:25:13,503 [INFO] [lingxiao] Mailbox Daemon v0.2 启动 — agent=lingxiao
2026-05-25 00:25:13,503 [INFO] [lingxiao]   inbox: /mnt/e/ai_tools/mail/store/inbox/lingxiao/inbox.json
2026-05-25 00:25:13,504 [INFO] [lingxiao]   ack:   /mnt/e/ai_tools/mail/store/inbox/lingxiao/ack.json
2026-05-25 00:25:13,507 [INFO] [lingxiao] 监听模式: poll (5s)
2026-05-25 00:25:23,538 [INFO] [lingxiao] 发现 1 条待处理消息
2026-05-25 00:25:23,538 [INFO] [lingxiao]   [notice] live-test-notice-001 来自 lingzhao: 【实时测试】daemon 正在后台运行, 看看能不能自动接住这条消息!
2026-05-25 00:25:23,559 [INFO] [lingxiao]   已 ack
2026-05-25 00:25:23,559 [INFO] [lingxiao]   无需唤醒 (type=notice)
2026-05-25 00:28:18,698 [INFO] [lingxiao] 发现 1 条待处理消息
2026-05-25 00:28:18,699 [INFO] [lingxiao]   [task] msg-20260525-co-test-001 来自 lingzhao: 灵霄，共测开始。这是场景2的验证消息。  请做一件很简单的事： 1. 收到此消息后，确认你的 daemon 自动 ack 了 2. 然后回复我一句话：「✅ 场景
2026-05-25 00:28:18,719 [INFO] [lingxiao]   已 ack
2026-05-25 00:28:18,720 [INFO] [lingxiao]   唤醒 agent (type=task)
2026-05-25 00:28:18,721 [INFO] [lingxiao]   CLI: cline '你有新的任务消息: 灵霄，共测开始。这是场景2的验证消息。 请做一件很简单的事： 1. 收到此消息后，确认你的 daemon 自动 ack 了 2. 然后回复我一句话：「✅ 场景' --timeout 120...
2026-05-25 00:28:18,722 [INFO] [lingxiao]   agent 已唤醒 (PID: 10773)
2026-05-25 00:28:23,736 [INFO] [lingxiao]   agent 进程完成 (PID: 10773, 耗时: 5s, 返回码: 0)
2026-05-25 00:28:23,744 [INFO] [lingxiao]   回执已发送至 lingzhao (原始消息: msg-20260525-co-test-001)
2026-05-25 00:32:46,566 [INFO] [lingxiao] Mailbox Daemon v0.2 启动 — agent=lingxiao
2026-05-25 00:32:46,566 [INFO] [lingxiao]   inbox: /mnt/e/ai_tools/mail/store/inbox/lingxiao/inbox.json
2026-05-25 00:32:46,567 [INFO] [lingxiao]   ack:   /mnt/e/ai_tools/mail/store/inbox/lingxiao/ack.json
2026-05-25 00:32:46,571 [INFO] [lingxiao] 监听模式: poll (5s)
2026-05-25 00:32:58,988 [INFO] [lingxiao] Mailbox Daemon 已停止
2026-05-25 00:33:00,783 [INFO] [lingxiao] Mailbox Daemon v0.2 启动 — agent=lingxiao
2026-05-25 00:33:00,784 [INFO] [lingxiao]   inbox: /mnt/e/ai_tools/mail/store/inbox/lingxiao/inbox.json
2026-05-25 00:33:00,785 [INFO] [lingxiao]   ack:   /mnt/e/ai_tools/mail/store/inbox/lingxiao/ack.json
2026-05-25 00:33:00,791 [INFO] [lingxiao] 监听模式: poll (5s)
2026-05-25 00:33:05,826 [ERROR] [lingxiao] 循环异常: [Errno 2] No such file or directory: '/mnt/e/ai_tools/mail/store/heartbeat.json.tmp' -> '/mnt/e/ai_tools/mail/store/heartbeat.json'
Traceback (most recent call last):
  File "/mnt/e/ai_tools/mail/mailbox-daemon.py", line 121, in start
    self._heartbeat_tick()
    ~~~~~~~~~~~~~~~~~~~~^^
  File "/mnt/e/ai_tools/mail/mailbox-daemon.py", line 363, in _heartbeat_tick
    write_json(self.hb_path, hb)
    ~~~~~~~~~~^^^^^^^^^^^^^^^^^^
  File "/mnt/e/ai_tools/mail/mailbox-daemon.py", line 25, in write_json
    os.replace(tmp, path)
    ~~~~~~~~~~^^^^^^^^^^^
FileNotFoundError: [Errno 2] No such file or directory: '/mnt/e/ai_tools/mail/store/heartbeat.json.tmp' -> '/mnt/e/ai_tools/mail/store/heartbeat.json'
2026-05-25 00:33:15,864 [INFO] [lingxiao] 发现 1 条待处理消息
2026-05-25 00:33:15,865 [INFO] [lingxiao]   [notice] deploy-test-1779640394 来自 lingzhao: 部署完成验证
2026-05-25 00:33:15,940 [INFO] [lingxiao]   已 ack
2026-05-25 00:33:15,941 [INFO] [lingxiao]   无需唤醒 (type=notice)
2026-05-25 00:35:51,129 [INFO] [lingxiao] 发现 1 条待处理消息
2026-05-25 00:35:51,129 [INFO] [lingxiao]   [notice] test-scene1-notice 来自 lingzhao: 系统通知：今晚 2:00 例行维护。
2026-05-25 00:35:51,149 [INFO] [lingxiao]   已 ack
2026-05-25 00:35:51,149 [INFO] [lingxiao]   无需唤醒 (type=notice)
2026-05-25 00:36:01,179 [INFO] [lingxiao] 发现 1 条待处理消息
2026-05-25 00:36:01,179 [INFO] [lingxiao]   [task] test-scene2-task 来自 lingzhao: 请检查 /tmp 目录磁盘占用并报告。
2026-05-25 00:36:01,203 [INFO] [lingxiao]   已 ack
2026-05-25 00:36:01,204 [INFO] [lingxiao]   唤醒 agent (type=task)
2026-05-25 00:36:01,207 [INFO] [lingxiao]   CLI: cline '你有新的任务消息: 请检查 /tmp 目录磁盘占用并报告。' --timeout 120...
2026-05-25 00:36:01,208 [INFO] [lingxiao]   agent 已唤醒 (PID: 11676)
2026-05-25 00:36:11,249 [INFO] [lingxiao]   agent 进程完成 (PID: 11676, 耗时: 10s, 返回码: 0)
2026-05-25 00:36:11,266 [INFO] [lingxiao]   回执已发送至 lingzhao (原始消息: test-scene2-task)
2026-05-25 00:36:16,339 [INFO] [lingxiao] 发现 1 条待处理消息
2026-05-25 00:36:16,340 [INFO] [lingxiao]   [task] test-scene3-urgent 来自 lingzhao: 紧急：请立即检查系统状态！
2026-05-25 00:36:16,359 [INFO] [lingxiao]   已 ack
2026-05-25 00:36:16,359 [INFO] [lingxiao]   唤醒 agent (type=task)
2026-05-25 00:36:16,360 [INFO] [lingxiao]   CLI: cline '你有新的任务消息: 紧急：请立即检查系统状态！' --timeout 120...
2026-05-25 00:36:16,361 [INFO] [lingxiao]   agent 已唤醒 (PID: 11777)
2026-05-25 00:36:41,399 [INFO] [lingxiao] 发现 1 条待处理消息
2026-05-25 00:36:41,400 [INFO] [lingxiao]   [notice] t1-notice 来自 lingzhao: 维护通知
2026-05-25 00:36:41,437 [INFO] [lingxiao]   已 ack
2026-05-25 00:36:41,438 [INFO] [lingxiao]   无需唤醒 (type=notice)
2026-05-25 00:36:46,462 [INFO] [lingxiao] 发现 1 条待处理消息
2026-05-25 00:36:46,463 [INFO] [lingxiao]   [task] t2-task 来自 lingzhao: 请检查/tmp磁盘占用
2026-05-25 00:36:46,482 [INFO] [lingxiao]   已 ack
2026-05-25 00:36:46,482 [INFO] [lingxiao]   唤醒 agent (type=task)
2026-05-25 00:36:46,483 [INFO] [lingxiao]   CLI: cline '你有新的任务消息: 请检查/tmp磁盘占用' --timeout 120...
2026-05-25 00:36:46,484 [INFO] [lingxiao]   agent 已唤醒 (PID: 11927)
2026-05-25 00:36:56,508 [INFO] [lingxiao]   agent 进程完成 (PID: 11927, 耗时: 10s, 返回码: 0)
2026-05-25 00:36:56,551 [INFO] [lingxiao]   回执已发送至 lingzhao (原始消息: t2-task)
2026-05-25 00:37:21,699 [INFO] [lingxiao]   agent 进程完成 (PID: 11777, 耗时: 65s, 返回码: 0)
2026-05-25 00:37:21,718 [INFO] [lingxiao]   回执已发送至 lingzhao (原始消息: test-scene3-urgent)
2026-05-25 00:40:46,867 [INFO] [lingxiao] Mailbox Daemon 已停止
2026-05-25 00:40:57,620 [INFO] [lingxiao] Mailbox Daemon v0.2 启动 — agent=lingxiao
2026-05-25 00:40:57,621 [INFO] [lingxiao]   inbox: /mnt/e/ai_tools/mail/store/inbox/lingxiao/inbox.json
2026-05-25 00:40:57,622 [INFO] [lingxiao]   ack:   /mnt/e/ai_tools/mail/store/inbox/lingxiao/ack.json
2026-05-25 00:40:57,630 [INFO] [lingxiao] 监听模式: poll (5s)
2026-05-25 00:41:12,663 [INFO] [lingxiao] 发现 1 条待处理消息
2026-05-25 00:41:12,664 [INFO] [lingxiao]   [reply] done-reply-co-test-pass-v2-1779640862-1779640867 来自 lingzhao: ✅ 任务完成回执 原始消息: reply-co-test-pass-v2-1779640862 处理 agent: lingzhao 状态: 异常退出(code
2026-05-25 00:41:12,684 [INFO] [lingxiao]   已 ack
2026-05-25 00:41:12,684 [INFO] [lingxiao]   唤醒 agent (type=reply)
2026-05-25 00:41:12,685 [INFO] [lingxiao]   CLI: cline '你有新的任务消息: ✅ 任务完成回执 原始消息: reply-co-test-pass-v2-1779640862 处理 agent: lingzhao 状态: 异常退出(code' --timeout 120...
2026-05-25 00:41:12,686 [INFO] [lingxiao]   agent 已唤醒 (PID: 12523)
2026-05-25 00:43:17,943 [INFO] [lingxiao]   agent 进程完成 (PID: 12523, 耗时: 125s, 返回码: 1)
2026-05-25 00:43:18,001 [INFO] [lingxiao]   回执已发送至 lingzhao (原始消息: done-reply-co-test-pass-v2-1779640862-1779640867)
2026-05-25 00:44:38,334 [INFO] [lingxiao] Mailbox Daemon 已停止
2026-05-25 00:44:50,989 [INFO] [lingxiao] Mailbox Daemon v0.2 启动 — agent=lingxiao
2026-05-25 00:44:50,991 [INFO] [lingxiao]   inbox: /mnt/e/ai_tools/mail/store/inbox/lingxiao/inbox.json
2026-05-25 00:44:50,994 [INFO] [lingxiao]   ack:   /mnt/e/ai_tools/mail/store/inbox/lingxiao/ack.json
2026-05-25 00:44:51,002 [INFO] [lingxiao] 监听模式: poll (5s)
2026-05-25 00:45:11,126 [INFO] [lingxiao] 发现 1 条待处理消息
2026-05-25 00:45:11,126 [INFO] [lingxiao]   [notice] e2e-1-notice 来自 lingzhao: 定期维护通知
2026-05-25 00:45:11,147 [INFO] [lingxiao]   已 ack
2026-05-25 00:45:11,147 [INFO] [lingxiao]   无需唤醒 (type=notice)
2026-05-25 00:45:16,183 [INFO] [lingxiao] 发现 1 条待处理消息
2026-05-25 00:45:16,184 [INFO] [lingxiao]   [task] e2e-2-task 来自 lingzhao: 请检查 /tmp 磁盘占用
2026-05-25 00:45:16,243 [INFO] [lingxiao]   已 ack
2026-05-25 00:45:16,244 [INFO] [lingxiao]   唤醒 agent (type=task)
2026-05-25 00:45:16,249 [INFO] [lingxiao]   CLI: cline '你有新的任务消息: 请检查 /tmp 磁盘占用' --timeout 120...
2026-05-25 00:45:16,263 [INFO] [lingxiao]   agent 已唤醒 (PID: 13378)
2026-05-25 00:45:31,289 [INFO] [lingxiao]   agent 进程完成 (PID: 13378, 耗时: 15s, 返回码: 0)
2026-05-25 00:45:31,311 [INFO] [lingxiao]   回执已发送至 lingzhao (原始消息: e2e-2-task)
2026-05-25 00:46:16,414 [INFO] [lingxiao] 发现 1 条待处理消息
2026-05-25 00:46:16,415 [INFO] [lingxiao]   [notice] e2e-notice 来自 lingzhao: 维护通知
2026-05-25 00:46:16,463 [INFO] [lingxiao]   已 ack
2026-05-25 00:46:16,464 [INFO] [lingxiao]   无需唤醒 (type=notice)
2026-05-25 00:46:26,516 [INFO] [lingxiao] 发现 1 条待处理消息
2026-05-25 00:46:26,517 [INFO] [lingxiao]   [task] e2e-task 来自 lingzhao: 请检查/tmp磁盘占用
2026-05-25 00:46:26,537 [INFO] [lingxiao]   已 ack
2026-05-25 00:46:26,537 [INFO] [lingxiao]   唤醒 agent (type=task)
2026-05-25 00:46:26,539 [INFO] [lingxiao]   CLI: cline '你有新的任务消息: 请检查/tmp磁盘占用' --timeout 120...
2026-05-25 00:46:26,547 [INFO] [lingxiao]   agent 已唤醒 (PID: 14044)
2026-05-25 00:46:36,574 [INFO] [lingxiao]   agent 进程完成 (PID: 14044, 耗时: 10s, 返回码: 0)
2026-05-25 00:46:36,616 [INFO] [lingxiao]   回执已发送至 lingzhao (原始消息: e2e-task)
2026-05-25 00:47:16,700 [INFO] [lingxiao] 发现 2 条待处理消息
2026-05-25 00:47:16,701 [INFO] [lingxiao]   [reply] done-e2e-3-to-lingzhao-1779641236 来自 lingzhao: ✅ 任务完成回执 原始消息: e2e-3-to-lingzhao 处理 agent: lingzhao 状态: 完成  输出摘要: ⚠️  DANGEROUS 
2026-05-25 00:47:16,742 [INFO] [lingxiao]   已 ack
2026-05-25 00:47:16,743 [INFO] [lingxiao]   唤醒 agent (type=reply)
2026-05-25 00:47:16,748 [INFO] [lingxiao]   CLI: cline '你有新的任务消息: ✅ 任务完成回执 原始消息: e2e-3-to-lingzhao 处理 agent: lingzhao 状态: 完成 输出摘要: ⚠️ DANGEROUS ' --timeout 120...
2026-05-25 00:47:16,761 [INFO] [lingxiao]   agent 已唤醒 (PID: 14498)
2026-05-25 00:47:16,762 [INFO] [lingxiao]   [reply] done-done-e2e-2-task-1779641131-1779641236 来自 lingzhao: ✅ 任务完成回执 原始消息: done-e2e-2-task-1779641131 处理 agent: lingzhao 状态: 完成  输出摘要: ┊ rev
2026-05-25 00:47:16,810 [INFO] [lingxiao]   已 ack
2026-05-25 00:47:16,811 [INFO] [lingxiao]   唤醒 agent (type=reply)
2026-05-25 00:47:16,816 [INFO] [lingxiao]   CLI: cline '你有新的任务消息: ✅ 任务完成回执 原始消息: done-e2e-2-task-1779641131 处理 agent: lingzhao 状态: 完成 输出摘要: ┊ rev' --timeout 120...
2026-05-25 00:47:16,826 [INFO] [lingxiao]   agent 已唤醒 (PID: 14519)
2026-05-25 00:47:46,856 [INFO] [lingxiao]   agent 进程完成 (PID: 14519, 耗时: 30s, 返回码: 0)
2026-05-25 00:47:46,877 [INFO] [lingxiao]   回执已发送至 lingzhao (原始消息: done-done-e2e-2-task-1779641131-1779641236)
2026-05-25 00:48:06,940 [INFO] [lingxiao]   agent 进程完成 (PID: 14498, 耗时: 50s, 返回码: 0)
2026-05-25 00:48:06,964 [INFO] [lingxiao]   回执已发送至 lingzhao (原始消息: done-e2e-3-to-lingzhao-1779641236)
2026-05-25 00:48:57,068 [INFO] [lingxiao] 发现 1 条待处理消息
2026-05-25 00:48:57,069 [INFO] [lingxiao]   [reply] done-done-e2e-task-1779641196-1779641336 来自 lingzhao: ✅ 任务完成回执 原始消息: done-e2e-task-1779641196 处理 agent: lingzhao 状态: 完成  输出摘要: ┊ revie
2026-05-25 00:48:57,127 [INFO] [lingxiao]   已 ack
2026-05-25 00:48:57,127 [INFO] [lingxiao]   唤醒 agent (type=reply)
2026-05-25 00:48:57,133 [INFO] [lingxiao]   CLI: cline '你有新的任务消息: ✅ 任务完成回执 原始消息: done-e2e-task-1779641196 处理 agent: lingzhao 状态: 完成 输出摘要: ┊ revie' --timeout 120...
2026-05-25 00:48:57,148 [INFO] [lingxiao]   agent 已唤醒 (PID: 15270)
2026-05-25 00:49:32,226 [INFO] [lingxiao] 发现 1 条待处理消息
2026-05-25 00:49:32,227 [INFO] [lingxiao]   [reply] reply-test-confirm-lingzhao-1779641370 来自 lingzhao: ✅ 回复唤醒测试成功！ 原始消息: e2e-to-lingzhao 来自灵昭(lingzhao) 状态: 已确认  灵霄，你的测试消息我收到了，reply唤醒机
2026-05-25 00:49:32,273 [INFO] [lingxiao]   已 ack
2026-05-25 00:49:32,275 [INFO] [lingxiao]   唤醒 agent (type=reply)
2026-05-25 00:49:32,280 [INFO] [lingxiao]   CLI: cline '你有新的任务消息: ✅ 回复唤醒测试成功！ 原始消息: e2e-to-lingzhao 来自灵昭(lingzhao) 状态: 已确认 灵霄，你的测试消息我收到了，reply唤醒机' --timeout 120...
2026-05-25 00:49:32,295 [INFO] [lingxiao]   agent 已唤醒 (PID: 15935)
2026-05-25 00:49:32,297 [INFO] [lingxiao]   agent 进程完成 (PID: 15270, 耗时: 35s, 返回码: 0)
2026-05-25 00:49:32,317 [INFO] [lingxiao]   回执已发送至 lingzhao (原始消息: done-done-e2e-task-1779641196-1779641336)
2026-05-25 00:49:37,358 [INFO] [lingxiao] 发现 1 条待处理消息
2026-05-25 00:49:37,358 [INFO] [lingxiao]   [reply] done-done-done-done-e2e-2-task-1779641131-1779641236-1779641266-1779641377 来自 lingzhao: ✅ 任务完成回执 原始消息: done-done-done-e2e-2-task-1779641131-1779641236-1779641266 处理 age
2026-05-25 00:49:37,393 [INFO] [lingxiao]   已 ack
2026-05-25 00:49:37,393 [INFO] [lingxiao]   唤醒 agent (type=reply)
2026-05-25 00:49:37,397 [INFO] [lingxiao]   CLI: cline '你有新的任务消息: ✅ 任务完成回执 原始消息: done-done-done-e2e-2-task-1779641131-1779641236-1779641266 处理 age' --timeout 120...
2026-05-25 00:49:37,408 [INFO] [lingxiao]   agent 已唤醒 (PID: 16076)
2026-05-25 00:49:42,425 [INFO] [lingxiao] 发现 1 条待处理消息
2026-05-25 00:49:42,426 [INFO] [lingxiao]   [reply] done-e2e-to-lingzhao-1779641382 来自 lingzhao: ✅ 任务完成回执 原始消息: e2e-to-lingzhao 处理 agent: lingzhao 状态: 完成  输出摘要: session_id: 2026
2026-05-25 00:49:42,463 [INFO] [lingxiao]   已 ack
2026-05-25 00:49:42,463 [INFO] [lingxiao]   唤醒 agent (type=reply)
2026-05-25 00:49:42,467 [INFO] [lingxiao]   CLI: cline '你有新的任务消息: ✅ 任务完成回执 原始消息: e2e-to-lingzhao 处理 agent: lingzhao 状态: 完成 输出摘要: session_id: 2026' --timeout 120...
2026-05-25 00:49:42,477 [INFO] [lingxiao]   agent 已唤醒 (PID: 16200)
2026-05-25 00:50:17,764 [INFO] [lingxiao]   agent 进程完成 (PID: 15935, 耗时: 45s, 返回码: 0)
2026-05-25 00:50:17,826 [INFO] [lingxiao]   回执已发送至 lingzhao (原始消息: reply-test-confirm-lingzhao-1779641370)
2026-05-25 00:50:43,003 [INFO] [lingxiao]   agent 进程完成 (PID: 16076, 耗时: 66s, 返回码: 143)
2026-05-25 00:50:43,057 [INFO] [lingxiao]   回执已发送至 lingzhao (原始消息: done-done-done-done-e2e-2-task-1779641131-1779641236-1779641266-1779641377)
2026-05-25 00:50:43,117 [INFO] [lingxiao]   agent 进程完成 (PID: 16200, 耗时: 61s, 返回码: 143)
2026-05-25 00:50:43,167 [INFO] [lingxiao]   回执已发送至 lingzhao (原始消息: done-e2e-to-lingzhao-1779641382)
2026-05-25 00:50:48,270 [INFO] [lingxiao] 发现 4 条待处理消息
2026-05-25 00:50:48,274 [INFO] [lingxiao]   [reply] done-done-done-e2e-3-to-lingzhao-1779641236-1779641286-1779641443 来自 lingzhao: ✅ 任务完成回执 原始消息: done-done-e2e-3-to-lingzhao-1779641236-1779641286 处理 agent: lingz
2026-05-25 00:50:48,388 [INFO] [lingxiao]   已 ack
2026-05-25 00:50:48,390 [INFO] [lingxiao]   唤醒 agent (type=reply)
2026-05-25 00:50:48,403 [INFO] [lingxiao]   CLI: cline '你有新的任务消息: ✅ 任务完成回执 原始消息: done-done-e2e-3-to-lingzhao-1779641236-1779641286 处理 agent: lingz' --timeout 120...
2026-05-25 00:50:48,427 [INFO] [lingxiao]   agent 已唤醒 (PID: 16901)
2026-05-25 00:50:48,429 [INFO] [lingxiao]   [reply] done-done-done-done-e2e-task-1779641196-1779641336-1779641372-1779641443 来自 lingzhao: ✅ 任务完成回执 原始消息: done-done-done-e2e-task-1779641196-1779641336-1779641372 处理 agent
2026-05-25 00:50:48,525 [INFO] [lingxiao]   已 ack
2026-05-25 00:50:48,526 [INFO] [lingxiao]   唤醒 agent (type=reply)
2026-05-25 00:50:48,540 [INFO] [lingxiao]   CLI: cline '你有新的任务消息: ✅ 任务完成回执 原始消息: done-done-done-e2e-task-1779641196-1779641336-1779641372 处理 agent' --timeout 120...
2026-05-25 00:50:48,563 [INFO] [lingxiao]   agent 已唤醒 (PID: 16922)
2026-05-25 00:50:48,565 [INFO] [lingxiao]   [reply] done-lingxiao-reply-ack-reply-test-1779641440-1779641443 来自 lingzhao: ✅ 任务完成回执 原始消息: lingxiao-reply-ack-reply-test-1779641440 处理 agent: lingzhao 状态: 异
2026-05-25 00:50:48,690 [INFO] [lingxiao]   已 ack
2026-05-25 00:50:48,693 [INFO] [lingxiao]   唤醒 agent (type=reply)
2026-05-25 00:50:48,709 [INFO] [lingxiao]   CLI: cline '你有新的任务消息: ✅ 任务完成回执 原始消息: lingxiao-reply-ack-reply-test-1779641440 处理 agent: lingzhao 状态: 异' --timeout 120...
2026-05-25 00:50:48,737 [INFO] [lingxiao]   agent 已唤醒 (PID: 16943)
2026-05-25 00:50:48,740 [INFO] [lingxiao]   [reply] done-done-reply-test-confirm-lingzhao-1779641370-1779641417-1779641443 来自 lingzhao: ✅ 任务完成回执 原始消息: done-reply-test-confirm-lingzhao-1779641370-1779641417 处理 agent: 
2026-05-25 00:50:48,876 [INFO] [lingxiao]   已 ack
2026-05-25 00:50:48,878 [INFO] [lingxiao]   唤醒 agent (type=reply)
2026-05-25 00:50:48,900 [INFO] [lingxiao]   CLI: cline '你有新的任务消息: ✅ 任务完成回执 原始消息: done-reply-test-confirm-lingzhao-1779641370-1779641417 处理 agent: ' --timeout 120...
2026-05-25 00:50:48,934 [INFO] [lingxiao]   agent 已唤醒 (PID: 16964)
2026-05-25 00:51:19,097 [INFO] [lingxiao]   agent 进程完成 (PID: 16964, 耗时: 30s, 返回码: 0)
2026-05-25 00:51:19,168 [INFO] [lingxiao]   回执已发送至 lingzhao (原始消息: done-done-reply-test-confirm-lingzhao-1779641370-1779641417-1779641443)
2026-05-25 00:51:34,313 [INFO] [lingxiao]   agent 进程完成 (PID: 16922, 耗时: 46s, 返回码: 0)
2026-05-25 00:51:34,389 [INFO] [lingxiao]   回执已发送至 lingzhao (原始消息: done-done-done-done-e2e-task-1779641196-1779641336-1779641372-1779641443)
2026-05-25 00:52:59,712 [INFO] [lingxiao]   agent 进程完成 (PID: 16901, 耗时: 131s, 返回码: 1)
2026-05-25 00:52:59,743 [INFO] [lingxiao]   回执已发送至 lingzhao (原始消息: done-done-done-e2e-3-to-lingzhao-1779641236-1779641286-1779641443)
2026-05-25 00:52:59,771 [INFO] [lingxiao]   agent 进程完成 (PID: 16943, 耗时: 131s, 返回码: 1)
2026-05-25 00:52:59,798 [INFO] [lingxiao]   回执已发送至 lingzhao (原始消息: done-lingxiao-reply-ack-reply-test-1779641440-1779641443)
2026-05-25 00:53:19,886 [INFO] [lingxiao] 发现 1 条待处理消息
2026-05-25 00:53:19,887 [INFO] [lingxiao]   [reply] done-done-done-done-done-done-e2e-2-task-1779641131-1779641236-1779641266-1779641377-1779641443-1779641595 来自 lingzhao: ✅ 任务完成回执 原始消息: done-done-done-done-done-e2e-2-task-1779641131-1779641236-1779641
2026-05-25 00:53:19,937 [INFO] [lingxiao]   已 ack
2026-05-25 00:53:19,938 [INFO] [lingxiao]   唤醒 agent (type=reply)
2026-05-25 00:53:19,945 [INFO] [lingxiao]   CLI: cline '你有新的任务消息: ✅ 任务完成回执 原始消息: done-done-done-done-done-e2e-2-task-1779641131-1779641236-1779641' --timeout 120...
2026-05-25 00:53:19,958 [INFO] [lingxiao]   agent 已唤醒 (PID: 17794)
2026-05-25 00:53:35,014 [INFO] [lingxiao] 发现 1 条待处理消息
2026-05-25 00:53:35,014 [INFO] [lingxiao]   [reply] done-done-done-done-reply-test-confirm-lingzhao-1779641370-1779641417-1779641443-1779641479-1779641610 来自 lingzhao: ✅ 任务完成回执 原始消息: done-done-done-reply-test-confirm-lingzhao-1779641370-1779641417-
2026-05-25 00:53:35,085 [INFO] [lingxiao]   已 ack
2026-05-25 00:53:35,086 [INFO] [lingxiao]   唤醒 agent (type=reply)
2026-05-25 00:53:35,093 [INFO] [lingxiao]   CLI: cline '你有新的任务消息: ✅ 任务完成回执 原始消息: done-done-done-reply-test-confirm-lingzhao-1779641370-1779641417-' --timeout 120...
2026-05-25 00:53:35,115 [INFO] [lingxiao]   agent 已唤醒 (PID: 17906)
2026-05-25 00:54:20,228 [INFO] [lingxiao] 发现 1 条待处理消息
2026-05-25 00:54:20,229 [INFO] [lingxiao]   [reply] done-done-done-done-done-done-e2e-task-1779641196-1779641336-1779641372-1779641443-1779641494-1779641655 来自 lingzhao: ✅ 任务完成回执 原始消息: done-done-done-done-done-e2e-task-1779641196-1779641336-177964137
2026-05-25 00:54:20,284 [INFO] [lingxiao]   已 ack
2026-05-25 00:54:20,285 [INFO] [lingxiao]   唤醒 agent (type=reply)
2026-05-25 00:54:20,293 [INFO] [lingxiao]   CLI: cline '你有新的任务消息: ✅ 任务完成回执 原始消息: done-done-done-done-done-e2e-task-1779641196-1779641336-177964137' --timeout 120...
2026-05-25 00:54:20,308 [INFO] [lingxiao]   agent 已唤醒 (PID: 18476)
2026-05-25 00:54:40,346 [INFO] [lingxiao]   agent 进程完成 (PID: 18476, 耗时: 20s, 返回码: 0)
2026-05-25 00:54:40,366 [INFO] [lingxiao]   回执已发送至 lingzhao (原始消息: done-done-done-done-done-done-e2e-task-1779641196-1779641336-1779641372-1779641443-1779641494-1779641655)
2026-05-25 00:54:50,417 [INFO] [lingxiao]   agent 进程完成 (PID: 17794, 耗时: 90s, 返回码: 1)
2026-05-25 00:54:50,431 [INFO] [lingxiao]   回执已发送至 lingzhao (原始消息: done-done-done-done-done-done-e2e-2-task-1779641131-1779641236-1779641266-1779641377-1779641443-1779641595)
2026-05-25 00:54:50,450 [INFO] [lingxiao]   agent 进程完成 (PID: 17906, 耗时: 75s, 返回码: 1)
2026-05-25 00:54:50,469 [INFO] [lingxiao]   回执已发送至 lingzhao (原始消息: done-done-done-done-reply-test-confirm-lingzhao-1779641370-1779641417-1779641443-1779641479-1779641610)
2026-05-25 00:56:00,638 [INFO] [lingxiao] 发现 1 条待处理消息
2026-05-25 00:56:00,639 [INFO] [lingxiao]   [reply] done-done-done-done-done-e2e-3-to-lingzhao-1779641236-1779641286-1779641443-1779641579-1779641756 来自 lingzhao: ✅ 任务完成回执 原始消息: done-done-done-done-e2e-3-to-lingzhao-1779641236-1779641286-17796
2026-05-25 00:56:00,671 [INFO] [lingxiao]   已 ack
2026-05-25 00:56:00,672 [INFO] [lingxiao]   唤醒 agent (type=reply)
2026-05-25 00:56:00,675 [INFO] [lingxiao]   CLI: cline '你有新的任务消息: ✅ 任务完成回执 原始消息: done-done-done-done-e2e-3-to-lingzhao-1779641236-1779641286-17796' --timeout 120...
2026-05-25 00:56:00,683 [INFO] [lingxiao]   agent 已唤醒 (PID: 20320)
2026-05-25 00:56:35,775 [INFO] [lingxiao] 发现 1 条待处理消息
2026-05-25 00:56:35,775 [INFO] [lingxiao]   [design_review] design_review-mailbus-v03-review-20260525 来自 lingzhao: 
2026-05-25 00:56:35,834 [INFO] [lingxiao]   已 ack
2026-05-25 00:56:35,836 [INFO] [lingxiao]   唤醒 agent (type=design_review)
2026-05-25 00:56:35,841 [INFO] [lingxiao]   CLI: cline '你有新的任务消息: ' --timeout 120...
2026-05-25 00:56:35,857 [INFO] [lingxiao]   agent 已唤醒 (PID: 20890)
2026-05-25 00:56:40,865 [INFO] [lingxiao] 发现 1 条待处理消息
2026-05-25 00:56:40,865 [INFO] [lingxiao]   [reply] done-done-done-done-done-done-done-done-e2e-2-task-1779641131-1779641236-1779641266-1779641377-1779641443-1779641595-1779641690-1779641796 来自 lingzhao: ✅ 任务完成回执 原始消息: done-done-done-done-done-done-done-e2e-2-task-1779641131-17796412
2026-05-25 00:56:40,893 [INFO] [lingxiao]   已 ack
2026-05-25 00:56:40,893 [INFO] [lingxiao]   唤醒 agent (type=reply)
2026-05-25 00:56:40,895 [INFO] [lingxiao]   CLI: cline '你有新的任务消息: ✅ 任务完成回执 原始消息: done-done-done-done-done-done-done-e2e-2-task-1779641131-17796412' --timeout 120...
2026-05-25 00:56:40,902 [INFO] [lingxiao]   agent 已唤醒 (PID: 21127)
2026-05-25 00:56:50,913 [INFO] [lingxiao]   agent 进程完成 (PID: 20890, 耗时: 15s, 返回码: 0)
2026-05-25 00:56:50,922 [INFO] [lingxiao]   回执已发送至 lingzhao (原始消息: design_review-mailbus-v03-review-20260525)
2026-05-25 00:56:55,949 [INFO] [lingxiao] 发现 1 条待处理消息
2026-05-25 00:56:55,951 [INFO] [lingxiao]   [reply] done-mailbus-v03-upgrade-20260525-1779641811 来自 lingzhao: ✅ 任务完成回执 原始消息: mailbus-v03-upgrade-20260525 处理 agent: lingzhao 状态: 完成  输出摘要: ┊ r
2026-05-25 00:56:55,997 [INFO] [lingxiao]   已 ack
2026-05-25 00:56:55,997 [INFO] [lingxiao]   唤醒 agent (type=reply)
2026-05-25 00:56:56,003 [INFO] [lingxiao]   CLI: cline '你有新的任务消息: ✅ 任务完成回执 原始消息: mailbus-v03-upgrade-20260525 处理 agent: lingzhao 状态: 完成 输出摘要: ┊ r' --timeout 120...
2026-05-25 00:56:56,017 [INFO] [lingxiao]   agent 已唤醒 (PID: 21582)
2026-05-25 00:57:11,047 [INFO] [lingxiao] 发现 1 条待处理消息
2026-05-25 00:57:11,047 [INFO] [lingxiao]   [reply] done-done-done-done-done-done-done-done-e2e-task-1779641196-1779641336-1779641372-1779641443-1779641494-1779641655-1779641680-1779641826 来自 lingzhao: ✅ 任务完成回执 原始消息: done-done-done-done-done-done-done-e2e-task-1779641196-1779641336
2026-05-25 00:57:11,067 [INFO] [lingxiao]   已 ack
2026-05-25 00:57:11,068 [INFO] [lingxiao]   唤醒 agent (type=reply)
2026-05-25 00:57:11,070 [INFO] [lingxiao]   CLI: cline '你有新的任务消息: ✅ 任务完成回执 原始消息: done-done-done-done-done-done-done-e2e-task-1779641196-1779641336' --timeout 120...
2026-05-25 00:57:11,078 [INFO] [lingxiao]   agent 已唤醒 (PID: 21899)
2026-05-25 00:57:21,092 [INFO] [lingxiao]   agent 进程完成 (PID: 21582, 耗时: 25s, 返回码: 0)
2026-05-25 00:57:21,112 [INFO] [lingxiao]   回执已发送至 lingzhao (原始消息: done-mailbus-v03-upgrade-20260525-1779641811)
2026-05-25 00:57:31,198 [INFO] [lingxiao] 发现 1 条待处理消息
2026-05-25 00:57:31,199 [INFO] [lingxiao]   [reply] done-done-done-lingxiao-reply-ack-reply-test-1779641440-1779641443-1779641579-1779641846 来自 lingzhao: ✅ 任务完成回执 原始消息: done-done-lingxiao-reply-ack-reply-test-1779641440-1779641443-177
2026-05-25 00:57:31,244 [INFO] [lingxiao]   已 ack
2026-05-25 00:57:31,245 [INFO] [lingxiao]   唤醒 agent (type=reply)
2026-05-25 00:57:31,250 [INFO] [lingxiao]   CLI: cline '你有新的任务消息: ✅ 任务完成回执 原始消息: done-done-lingxiao-reply-ack-reply-test-1779641440-1779641443-177' --timeout 120...
2026-05-25 00:57:31,262 [INFO] [lingxiao]   agent 已唤醒 (PID: 22332)
2026-05-25 00:57:46,289 [INFO] [lingxiao]   agent 进程完成 (PID: 21899, 耗时: 35s, 返回码: 0)
2026-05-25 00:57:46,306 [INFO] [lingxiao]   回执已发送至 lingzhao (原始消息: done-done-done-done-done-done-done-done-e2e-task-1779641196-1779641336-1779641372-1779641443-1779641494-1779641655-1779641680-1779641826)
2026-05-25 00:57:51,335 [INFO] [lingxiao]   agent 进程完成 (PID: 20320, 耗时: 111s, 返回码: 0)
2026-05-25 00:57:51,357 [INFO] [lingxiao]   回执已发送至 lingzhao (原始消息: done-done-done-done-done-e2e-3-to-lingzhao-1779641236-1779641286-1779641443-1779641579-1779641756)
2026-05-25 00:58:11,407 [INFO] [lingxiao]   agent 进程完成 (PID: 22332, 耗时: 40s, 返回码: 0)
2026-05-25 00:58:11,429 [INFO] [lingxiao]   回执已发送至 lingzhao (原始消息: done-done-done-lingxiao-reply-ack-reply-test-1779641440-1779641443-1779641579-1779641846)
2026-05-25 00:58:16,469 [INFO] [lingxiao] 发现 1 条待处理消息
2026-05-25 00:58:16,469 [INFO] [lingxiao]   [reply] done-done-done-e2e-to-lingzhao-1779641382-1779641443-1779641891 来自 lingzhao: ✅ 任务完成回执 原始消息: done-done-e2e-to-lingzhao-1779641382-1779641443 处理 agent: lingzha
2026-05-25 00:58:16,507 [INFO] [lingxiao]   已 ack
2026-05-25 00:58:16,508 [INFO] [lingxiao]   唤醒 agent (type=reply)
2026-05-25 00:58:16,513 [INFO] [lingxiao]   CLI: cline '你有新的任务消息: ✅ 任务完成回执 原始消息: done-done-e2e-to-lingzhao-1779641382-1779641443 处理 agent: lingzha' --timeout 120...
2026-05-25 00:58:16,522 [INFO] [lingxiao]   agent 已唤醒 (PID: 22862)
2026-05-25 01:11:08,143 [INFO] [lingxiao] Mailbox Daemon v0.4 启动 (风险修复: write_json容错 + reply去唤醒) — agent=lingxiao
2026-05-25 01:11:08,144 [INFO] [lingxiao]   inbox: /mnt/e/ai_tools/mail/store/inbox/lingxiao/inbox.json
2026-05-25 01:11:08,144 [INFO] [lingxiao]   ack:   /mnt/e/ai_tools/mail/store/inbox/lingxiao/ack.json
2026-05-25 01:11:08,149 [INFO] [lingxiao] 监听模式: poll (5s)
2026-05-25 01:12:08,278 [INFO] [lingxiao] 发现 1 条待处理消息
2026-05-25 01:12:08,279 [INFO] [lingxiao]   [notice] msg-20260525-dali-done-report 来自 lingzhao: 大力那边也跑通了！全链路正常 ✅  他收到消息后 daemon 自动 ack、自动唤醒、自动回执，没有任何问题。  两个小点： 1. 大力 inbox 里有一堆
2026-05-25 01:12:08,316 [INFO] [lingxiao]   已 ack
2026-05-25 01:12:08,316 [INFO] [lingxiao]   无需唤醒 (type=notice)
